Archive member included to satisfy reference by file (symbol)

C:/Users/Nplano2/Documents/Projects/MaximSDK/Libraries/PeriphDrivers/bin/MAX32655/softfp/libPeriphDriver_softfp.a(mxc_delay.o)
                              c:/Users/Nplano2/eclipse-workspace/SPI/build/adxl359.o (MXC_Delay)
C:/Users/Nplano2/Documents/Projects/MaximSDK/Libraries/PeriphDrivers/bin/MAX32655/softfp/libPeriphDriver_softfp.a(sys_me17.o)
                              c:/Users/Nplano2/eclipse-workspace/SPI/build/board.o (MXC_SYS_ClockEnable)
C:/Users/Nplano2/Documents/Projects/MaximSDK/Libraries/PeriphDrivers/bin/MAX32655/softfp/libPeriphDriver_softfp.a(flc_me17.o)
                              C:/Users/Nplano2/Documents/Projects/MaximSDK/Libraries/PeriphDrivers/bin/MAX32655/softfp/libPeriphDriver_softfp.a(sys_me17.o) (MXC_FLC_UnlockInfoBlock)
C:/Users/Nplano2/Documents/Projects/MaximSDK/Libraries/PeriphDrivers/bin/MAX32655/softfp/libPeriphDriver_softfp.a(flc_reva.o)
                              C:/Users/Nplano2/Documents/Projects/MaximSDK/Libraries/PeriphDrivers/bin/MAX32655/softfp/libPeriphDriver_softfp.a(flc_me17.o) (MXC_FLC_RevA_Busy)
C:/Users/Nplano2/Documents/Projects/MaximSDK/Libraries/PeriphDrivers/bin/MAX32655/softfp/libPeriphDriver_softfp.a(gpio_me17.o)
                              c:/Users/Nplano2/eclipse-workspace/SPI/build/adxl359.o (MXC_GPIO_InGet)
C:/Users/Nplano2/Documents/Projects/MaximSDK/Libraries/PeriphDrivers/bin/MAX32655/softfp/libPeriphDriver_softfp.a(gpio_reva.o)
                              C:/Users/Nplano2/Documents/Projects/MaximSDK/Libraries/PeriphDrivers/bin/MAX32655/softfp/libPeriphDriver_softfp.a(gpio_me17.o) (MXC_GPIO_RevA_InGet)
C:/Users/Nplano2/Documents/Projects/MaximSDK/Libraries/PeriphDrivers/bin/MAX32655/softfp/libPeriphDriver_softfp.a(icc_me17.o)
                              c:/Users/Nplano2/eclipse-workspace/SPI/build/system_max32655.o (MXC_ICC_Enable)
C:/Users/Nplano2/Documents/Projects/MaximSDK/Libraries/PeriphDrivers/bin/MAX32655/softfp/libPeriphDriver_softfp.a(icc_reva.o)
                              C:/Users/Nplano2/Documents/Projects/MaximSDK/Libraries/PeriphDrivers/bin/MAX32655/softfp/libPeriphDriver_softfp.a(icc_me17.o) (MXC_ICC_RevA_ID)
C:/Users/Nplano2/Documents/Projects/MaximSDK/Libraries/PeriphDrivers/bin/MAX32655/softfp/libPeriphDriver_softfp.a(simo_me17.o)
                              c:/Users/Nplano2/eclipse-workspace/SPI/build/system_max32655.o (MXC_SIMO_SetVregO_A)
C:/Users/Nplano2/Documents/Projects/MaximSDK/Libraries/PeriphDrivers/bin/MAX32655/softfp/libPeriphDriver_softfp.a(simo_reva.o)
                              C:/Users/Nplano2/Documents/Projects/MaximSDK/Libraries/PeriphDrivers/bin/MAX32655/softfp/libPeriphDriver_softfp.a(simo_me17.o) (MXC_SIMO_RevA_SetVregO_A)
C:/Users/Nplano2/Documents/Projects/MaximSDK/Libraries/PeriphDrivers/bin/MAX32655/softfp/libPeriphDriver_softfp.a(spi_me17.o)
                              c:/Users/Nplano2/eclipse-workspace/SPI/build/main.o (MXC_SPI_Init)
C:/Users/Nplano2/Documents/Projects/MaximSDK/Libraries/PeriphDrivers/bin/MAX32655/softfp/libPeriphDriver_softfp.a(spi_reva.o)
                              C:/Users/Nplano2/Documents/Projects/MaximSDK/Libraries/PeriphDrivers/bin/MAX32655/softfp/libPeriphDriver_softfp.a(spi_me17.o) (MXC_SPI_RevA_Init)
C:/Users/Nplano2/Documents/Projects/MaximSDK/Libraries/PeriphDrivers/bin/MAX32655/softfp/libPeriphDriver_softfp.a(uart_me17.o)
                              c:/Users/Nplano2/eclipse-workspace/SPI/build/board.o (MXC_UART_Shutdown)
C:/Users/Nplano2/Documents/Projects/MaximSDK/Libraries/PeriphDrivers/bin/MAX32655/softfp/libPeriphDriver_softfp.a(uart_revb.o)
                              C:/Users/Nplano2/Documents/Projects/MaximSDK/Libraries/PeriphDrivers/bin/MAX32655/softfp/libPeriphDriver_softfp.a(uart_me17.o) (MXC_UART_RevB_Init)
C:/Users/Nplano2/Documents/Projects/MaximSDK/Libraries/PeriphDrivers/bin/MAX32655/softfp/libPeriphDriver_softfp.a(mxc_lock.o)
                              C:/Users/Nplano2/Documents/Projects/MaximSDK/Libraries/PeriphDrivers/bin/MAX32655/softfp/libPeriphDriver_softfp.a(spi_reva.o) (MXC_FreeLock)
C:/Users/Nplano2/Documents/Projects/MaximSDK/Libraries/PeriphDrivers/bin/MAX32655/softfp/libPeriphDriver_softfp.a(pins_me17.o)
                              C:/Users/Nplano2/Documents/Projects/MaximSDK/Libraries/PeriphDrivers/bin/MAX32655/softfp/libPeriphDriver_softfp.a(uart_me17.o) (gpio_cfg_uart3)
C:/Users/Nplano2/Documents/Projects/MaximSDK/Libraries/PeriphDrivers/bin/MAX32655/softfp/libPeriphDriver_softfp.a(dma_me17.o)
                              C:/Users/Nplano2/Documents/Projects/MaximSDK/Libraries/PeriphDrivers/bin/MAX32655/softfp/libPeriphDriver_softfp.a(spi_reva.o) (MXC_DMA_Init)
C:/Users/Nplano2/Documents/Projects/MaximSDK/Libraries/PeriphDrivers/bin/MAX32655/softfp/libPeriphDriver_softfp.a(dma_reva.o)
[...]
Memory Configuration

Name             Origin             Length             Attributes
ROM              0x00000000         0x00010000         xr
FLASH            0x10000000         0x00080000         xr
PAL_NVM_DB       0x10080000         0x00000000         r
RISCV_FLASH      0x10080000         0x00000000         xr
SRAM             0x20000000         0x00020000         xrw
MAILBOX_0        0x20020000         0x00000000         rw
MAILBOX_1        0x20020000         0x00000000         rw
RISCV_SRAM       0x20020000         0x00000000         xrw
*default*        0x00000000         0xffffffff

Linker script and memory map

LOAD c:/users/nplano2/documents/projects/maximsdk/tools/gnutools/10.3/bin/../lib/gcc/arm-none-eabi/10.3.1/thumb/v7e-m+fp/softfp/crti.o
LOAD c:/users/nplano2/documents/projects/maximsdk/tools/gnutools/10.3/bin/../lib/gcc/arm-none-eabi/10.3.1/thumb/v7e-m+fp/softfp/crtbegin.o
LOAD c:/users/nplano2/documents/projects/maximsdk/tools/gnutools/10.3/bin/../lib/gcc/arm-none-eabi/10.3.1/../../../../arm-none-eabi/lib/thumb/v7e-m+fp/softfp/crt0.o
LOAD c:/Users/Nplano2/eclipse-workspace/SPI/build/adxl359.o
LOAD c:/Users/Nplano2/eclipse-workspace/SPI/build/main.o
LOAD c:/Users/Nplano2/eclipse-workspace/SPI/build/board.o
LOAD c:/Users/Nplano2/eclipse-workspace/SPI/build/stdio.o
LOAD c:/Users/Nplano2/eclipse-workspace/SPI/build/led.o
LOAD c:/Users/Nplano2/eclipse-workspace/SPI/build/pb.o
LOAD c:/Users/Nplano2/eclipse-workspace/SPI/build/tft_ssd2119.o
LOAD c:/Users/Nplano2/eclipse-workspace/SPI/build/tsc2046.o
LOAD c:/Users/Nplano2/eclipse-workspace/SPI/build/w25.o
LOAD c:/Users/Nplano2/eclipse-workspace/SPI/build/startup_max32655.o
LOAD c:/Users/Nplano2/eclipse-workspace/SPI/build/heap.o
LOAD c:/Users/Nplano2/eclipse-workspace/SPI/build/system_max32655.o
START GROUP
LOAD C:/Users/Nplano2/Documents/Projects/MaximSDK/Libraries/PeriphDrivers/bin/MAX32655/softfp/libPeriphDriver_softfp.a
LOAD c:/users/nplano2/documents/projects/maximsdk/tools/gnutools/10.3/bin/../lib/gcc/arm-none-eabi/10.3.1/../../../../arm-none-eabi/lib/thumb/v7e-m+fp/softfp\libc.a
LOAD c:/users/nplano2/documents/projects/maximsdk/tools/gnutools/10.3/bin/../lib/gcc/arm-none-eabi/10.3.1/../../../../arm-none-eabi/lib/thumb/v7e-m+fp/softfp\libm.a
LOAD c:/users/nplano2/documents/projects/maximsdk/tools/gnutools/10.3/bin/../lib/gcc/arm-none-eabi/10.3.1/../../../../arm-none-eabi/lib/thumb/v7e-m+fp/softfp\libnosys.a
END GROUP
START GROUP
LOAD c:/users/nplano2/documents/projects/maximsdk/tools/gnutools/10.3/bin/../lib/gcc/arm-none-eabi/10.3.1/thumb/v7e-m+fp/softfp\libgcc.a
LOAD c:/users/nplano2/documents/projects/maximsdk/tools/gnutools/10.3/bin/../lib/gcc/arm-none-eabi/10.3.1/../../../../arm-none-eabi/lib/thumb/v7e-m+fp/softfp\libc.a
END GROUP
LOAD c:/users/nplano2/documents/projects/maximsdk/tools/gnutools/10.3/bin/../lib/gcc/arm-none-eabi/10.3.1/thumb/v7e-m+fp/softfp/crtend.o
LOAD c:/users/nplano2/documents/projects/maximsdk/tools/gnutools/10.3/bin/../lib/gcc/arm-none-eabi/10.3.1/thumb/v7e-m+fp/softfp/crtn.o
                0x00080000                FLASH_MEM_SIZE = (_ARM_FLASH_SIZE - _PAL_NVM_SIZE)
                0x10080000                PAL_NVM_ORIGIN = ((_ARM_FLASH_SIZE - _PAL_NVM_SIZE) + _ARM_FLASH_ORIGIN)
                0x10080000                RISCV_FLASH_ORIGIN = (PAL_NVM_ORIGIN + _PAL_NVM_SIZE)
                0x00000000                RISCV_FLASH_SIZE = (_FLASH_SIZE - _ARM_FLASH_SIZE)
                0x20020000                MAILBOX_ORIGIN = (_ARM_SRAM_ORIGIN + _ARM_SRAM_SIZE)
                0x20020000                RISCV_SRAM_ORIGIN = (MAILBOX_ORIGIN + (0x2 * _MAILBOX_SIZE))
                0x00000000                RISCV_SRAM_SIZE = ((_SRAM_SIZE - _ARM_SRAM_SIZE) - (0x2 * _MAILBOX_SIZE))

.rom
 *(.rom_vector)
 *(.rom_handlers*)

.text           0x10000000     0xa7e4
                0x10000000                _text = .
 *(.isr_vector)
 .isr_vector    0x10000000      0x1d0 c:/Users/Nplano2/eclipse-workspace/SPI/build/startup_max32655.o
                0x10000000                __isr_vector
 EXCLUDE_FILE(*riscv.o) *(.text*)
 .text          0x100001d0       0x40 c:/users/nplano2/documents/projects/maximsdk/tools/gnutools/10.3/bin/../lib/gcc/arm-none-eabi/10.3.1/thumb/v7e-m+fp/softfp/crtbegin.o
 .text.adxl355_init_drdy
                0x10000210       0x24 c:/Users/Nplano2/eclipse-workspace/SPI/build/adxl359.o
                0x10000210                adxl355_init_drdy
 .text.adxl355_drdy_get
                0x10000234       0x18 c:/Users/Nplano2/eclipse-workspace/SPI/build/adxl359.o
                0x10000234                adxl355_drdy_get
 .text.adxl355_read_device_data
                0x1000024c       0x60 c:/Users/Nplano2/eclipse-workspace/SPI/build/adxl359.o
                0x1000024c                adxl355_read_device_data
 .text.adxl355_write_device_data
                0x100002ac       0x6c c:/Users/Nplano2/eclipse-workspace/SPI/build/adxl359.o
                0x100002ac                adxl355_write_device_data
 .text.adxl355_get_raw_xyz
                0x10000318       0x6a c:/Users/Nplano2/eclipse-workspace/SPI/build/adxl359.o
                0x10000318                adxl355_get_raw_xyz
 .text.adxl355_soft_reset
                0x10000382       0x2a c:/Users/Nplano2/eclipse-workspace/SPI/build/adxl359.o
                0x10000382                adxl355_soft_reset
 .text.adxl355_set_op_mode
                0x100003ac       0x1e c:/Users/Nplano2/eclipse-workspace/SPI/build/adxl359.o
                0x100003ac                adxl355_set_op_mode
 .text.adxl355_set_filter
                0x100003ca       0x1e c:/Users/Nplano2/eclipse-workspace/SPI/build/adxl359.o
                0x100003ca                adxl355_set_filter
 .text.create_data_array
                0x100003e8       0x84 c:/Users/Nplano2/eclipse-workspace/SPI/build/adxl359.o
                0x100003e8                create_data_array
 .text.print_registers
                0x1000046c      0x1ac c:/Users/Nplano2/eclipse-workspace/SPI/build/adxl359.o
                0x1000046c                print_registers
 .text.main     0x10000618       0xf4 c:/Users/Nplano2/eclipse-workspace/SPI/build/main.o
                0x10000618                main
 .text.ext_flash_clock
                0x1000070c       0x7c c:/Users/Nplano2/eclipse-workspace/SPI/build/board.o
 .text.ext_flash_board_init_quad
                0x10000788       0x48 c:/Users/Nplano2/eclipse-workspace/SPI/build/board.o
 .text.ext_flash_board_write
                0x100007d0       0x7c c:/Users/Nplano2/eclipse-workspace/SPI/build/board.o
 .text.ext_flash_board_read
                0x1000084c       0x7c c:/Users/Nplano2/eclipse-workspace/SPI/build/board.o
 .text.ext_flash_board_init
                0x100008c8       0x74 c:/Users/Nplano2/eclipse-workspace/SPI/build/board.o
 .text.mxc_assert
                0x1000093c       0x10 c:/Users/Nplano2/eclipse-workspace/SPI/build/board.o
                0x1000093c                mxc_assert
 .text.Console_Init
                0x1000094c       0x18 c:/Users/Nplano2/eclipse-workspace/SPI/build/board.o
                0x1000094c                Console_Init
 .text.Board_Init
                0x10000964       0xe8 c:/Users/Nplano2/eclipse-workspace/SPI/build/board.o
                0x10000964                Board_Init
 .text.NMI_Handler
                0x10000a4c       0x10 c:/Users/Nplano2/eclipse-workspace/SPI/build/board.o
                0x10000a4c                NMI_Handler
 .text.HardFault_Handler
                0x10000a5c       0x10 c:/Users/Nplano2/eclipse-workspace/SPI/build/board.o
                0x10000a5c                HardFault_Handler
 .text._close   0x10000a6c        0x6 c:/Users/Nplano2/eclipse-workspace/SPI/build/stdio.o
                0x10000a6c                _close
 .text._isatty  0x10000a72        0x6 c:/Users/Nplano2/eclipse-workspace/SPI/build/stdio.o
                0x10000a72                _isatty
 .text._lseek   0x10000a78        0x6 c:/Users/Nplano2/eclipse-workspace/SPI/build/stdio.o
                0x10000a78                _lseek
 .text._fstat   0x10000a7e        0x6 c:/Users/Nplano2/eclipse-workspace/SPI/build/stdio.o
                0x10000a7e                _fstat
 .text._read    0x10000a84       0x50 c:/Users/Nplano2/eclipse-workspace/SPI/build/stdio.o
                0x10000a84                _read
 .text._write   0x10000ad4       0x50 c:/Users/Nplano2/eclipse-workspace/SPI/build/stdio.o
                0x10000ad4                _write
 .text.LED_Off  0x10000b24       0x44 c:/Users/Nplano2/eclipse-workspace/SPI/build/led.o
                0x10000b24                LED_Off
 .text.LED_Init
                0x10000b68       0x3c c:/Users/Nplano2/eclipse-workspace/SPI/build/led.o
                0x10000b68                LED_Init
 .text.PB_Init  0x10000ba4       0x38 c:/Users/Nplano2/eclipse-workspace/SPI/build/pb.o
                0x10000ba4                PB_Init
 .text.GPIO0_IRQHandler
                0x10000bdc        0xa c:/Users/Nplano2/eclipse-workspace/SPI/build/pb.o
                0x10000bdc                GPIO0_IRQHandler
 .text.GPIO1_IRQHandler
                0x10000be6        0xa c:/Users/Nplano2/eclipse-workspace/SPI/build/pb.o
                0x10000be6                GPIO1_IRQHandler
 .text.MXC_TFT_PreInit
                0x10000bf0       0x74 c:/Users/Nplano2/eclipse-workspace/SPI/build/tft_ssd2119.o
                0x10000bf0                MXC_TFT_PreInit
 .text.MXC_TS_PreInit
                0x10000c64       0x70 c:/Users/Nplano2/eclipse-workspace/SPI/build/tsc2046.o
                0x10000c64                MXC_TS_PreInit
 .text.Ext_Flash_Configure
                0x10000cd4       0x28 c:/Users/Nplano2/eclipse-workspace/SPI/build/w25.o
                0x10000cd4                Ext_Flash_Configure
 .text          0x10000cfc      0x140 c:/Users/Nplano2/eclipse-workspace/SPI/build/startup_max32655.o
                0x10000cfc                Reset_Handler
                0x10000d3c                MemManage_Handler
                0x10000d3e                BusFault_Handler
                0x10000d40                UsageFault_Handler
                0x10000d42                SVC_Handler
                0x10000d44                DebugMon_Handler
                0x10000d46                PendSV_Handler
                0x10000d48                SysTick_Handler
                0x10000d4a                Default_Handler
                0x10000d4c                PF_IRQHandler
                0x10000d4e                WDT0_IRQHandler
                0x10000d50                RSV02_IRQHandler
                0x10000d52                RTC_IRQHandler
                0x10000d54                TRNG_IRQHandler
                0x10000d56                TMR0_IRQHandler
                0x10000d58                TMR1_IRQHandler
                0x10000d5a                TMR2_IRQHandler
                0x10000d5c                TMR3_IRQHandler
                0x10000d5e                TMR4_IRQHandler
                0x10000d60                TMR5_IRQHandler
                0x10000d62                RSV11_IRQHandler
                0x10000d64                RSV12_IRQHandler
                0x10000d66                I2C0_IRQHandler
                0x10000d68                UART0_IRQHandler
                0x10000d6a                UART1_IRQHandler
                0x10000d6c                SPI1_IRQHandler
                0x10000d6e                RSV17_IRQHandler
                0x10000d70                RSV18_IRQHandler
                0x10000d72                RSV19_IRQHandler
                0x10000d74                ADC_IRQHandler
                0x10000d76                RSV21_IRQHandler
                0x10000d78                RSV22_IRQHandler
                0x10000d7a                FLC0_IRQHandler
                0x10000d80                GPIO2_IRQHandler
                0x10000d82                RSV27_IRQHandler
                0x10000d84                DMA0_IRQHandler
                0x10000d86                DMA1_IRQHandler
                0x10000d88                DMA2_IRQHandler
                0x10000d8a                DMA3_IRQHandler
                0x10000d8c                RSV32_IRQHandler
                0x10000d8e                RSV33_IRQHandler
                0x10000d90                UART2_IRQHandler
                0x10000d92                RSV35_IRQHandler
                0x10000d94                I2C1_IRQHandler
                0x10000d96                RSV37_IRQHandler
                0x10000d98                RSV38_IRQHandler
                0x10000d9a                BTLE_TX_DONE_IRQHandler
                0x10000d9c                BTLE_RX_RCVD_IRQHandler
                0x10000d9e                BTLE_RX_ENG_DET_IRQHandler
                0x10000da0                BTLE_SFD_DET_IRQHandler
                0x10000da2                BTLE_SFD_TO_IRQHandler
                0x10000da4                BTLE_GP_EVENT_IRQHandler
                0x10000da6                BTLE_CFO_IRQHandler
                0x10000da8                BTLE_SIG_DET_IRQHandler
                0x10000daa                BTLE_AGC_EVENT_IRQHandler
                0x10000dac                BTLE_RFFE_SPIM_IRQHandler
                0x10000dae                BTLE_TX_AES_IRQHandler
                0x10000db0                BTLE_RX_AES_IRQHandler
                0x10000db2                BTLE_INV_APB_ADDR_IRQHandler
                0x10000db4                BTLE_IQ_DATA_VALID_IRQHandler
                0x10000db6                WUT_IRQHandler
                0x10000db8                GPIOWAKE_IRQHandler
                0x10000dba                RSV55_IRQHandler
                0x10000dbc                SPI0_IRQHandler
                0x10000dbe                WDT1_IRQHandler
                0x10000dc0                RSV57_IRQHandler
                0x10000dc2                PT_IRQHandler
                0x10000dc4                RSV60_IRQHandler
                0x10000dc6                RSV61_IRQHandler
                0x10000dc8                I2C2_IRQHandler
                0x10000dca                RISCV_IRQHandler
                0x10000dcc                RSV64_IRQHandler
                0x10000dce                RSV65_IRQHandler
                0x10000dd0                RSV66_IRQHandler
                0x10000dd2                OWM_IRQHandler
                0x10000dd4                RSV68_IRQHandler
                0x10000dd6                RSV69_IRQHandler
                0x10000dd8                RSV70_IRQHandler
                0x10000dda                RSV71_IRQHandler
                0x10000ddc                RSV72_IRQHandler
                0x10000dde                RSV73_IRQHandler
                0x10000de0                RSV74_IRQHandler
                0x10000de2                RSV75_IRQHandler
                0x10000de4                RSV76_IRQHandler
                0x10000de6                RSV77_IRQHandler
                0x10000de8                RSV78_IRQHandler
                0x10000dea                RSV79_IRQHandler
                0x10000dec                RSV80_IRQHandler
                0x10000dee                RSV81_IRQHandler
                0x10000df0                ECC_IRQHandler
                0x10000df2                DVS_IRQHandler
                0x10000df4                SIMO_IRQHandler
                0x10000df6                RSV85_IRQHandler
                0x10000df8                RSV86_IRQHandler
                0x10000dfa                RSV87_IRQHandler
                0x10000dfc                UART3_IRQHandler
                0x10000dfe                RSV89_IRQHandler
                0x10000e00                RSV90_IRQHandler
                0x10000e02                RSV91_IRQHandler
                0x10000e04                RSV92_IRQHandler
                0x10000e06                RSV93_IRQHandler
                0x10000e08                RSV94_IRQHandler
                0x10000e0a                RSV95_IRQHandler
                0x10000e0c                RSV96_IRQHandler
                0x10000e0e                AES_IRQHandler
                0x10000e10                CRC_IRQHandler
                0x10000e12                I2S_IRQHandler
 .text._sbrk    0x10000e3c       0x40 c:/Users/Nplano2/eclipse-workspace/SPI/build/heap.o
                0x10000e3c                _sbrk
 .text.SystemCoreClockUpdate
                0x10000e7c       0x80 c:/Users/Nplano2/eclipse-workspace/SPI/build/system_max32655.o
                0x10000e7c                SystemCoreClockUpdate
 .text.PreInit  0x10000efc       0x48 c:/Users/Nplano2/eclipse-workspace/SPI/build/system_max32655.o
                0x10000efc                PreInit
 .text.PalSysInit
                0x10000f44        0x2 c:/Users/Nplano2/eclipse-workspace/SPI/build/system_max32655.o
                0x10000f44                PalSysInit
 *fill*         0x10000f46        0x2 
 .text.SystemInit
                0x10000f48       0x7c c:/Users/Nplano2/eclipse-workspace/SPI/build/system_max32655.o
                0x10000f48                SystemInit
 .text.MXC_DelayInit
                0x10000fc4       0x84 C:/Users/Nplano2/Documents/Projects/MaximSDK/Libraries/PeriphDrivers/bin/MAX32655/softfp/libPeriphDriver_softfp.a(mxc_delay.o)
 .text.MXC_DelayAsync
                0x10001048       0x44 C:/Users/Nplano2/Documents/Projects/MaximSDK/Libraries/PeriphDrivers/bin/MAX32655/softfp/libPeriphDriver_softfp.a(mxc_delay.o)
                0x10001048                MXC_DelayAsync
 .text.MXC_DelayAbort
                0x1000108c       0x34 C:/Users/Nplano2/Documents/Projects/MaximSDK/Libraries/PeriphDrivers/bin/MAX32655/softfp/libPeriphDriver_softfp.a(mxc_delay.o)
                0x1000108c                MXC_DelayAbort
 .text.MXC_DelayCheck
                0x100010c0       0x64 C:/Users/Nplano2/Documents/Projects/MaximSDK/Libraries/PeriphDrivers/bin/MAX32655/softfp/libPeriphDriver_softfp.a(mxc_delay.o)
                0x100010c0                MXC_DelayCheck
 .text.MXC_Delay
                0x10001124       0x58 C:/Users/Nplano2/Documents/Projects/MaximSDK/Libraries/PeriphDrivers/bin/MAX32655/softfp/libPeriphDriver_softfp.a(mxc_delay.o)
                0x10001124                MXC_Delay
 .text.MXC_SYS_ClockDisable
                0x1000117c       0x48 C:/Users/Nplano2/Documents/Projects/MaximSDK/Libraries/PeriphDrivers/bin/MAX32655/softfp/libPeriphDriver_softfp.a(sys_me17.o)
                0x1000117c                MXC_SYS_ClockDisable
 .text.MXC_SYS_ClockEnable
                0x100011c4       0x50 C:/Users/Nplano2/Documents/Projects/MaximSDK/Libraries/PeriphDrivers/bin/MAX32655/softfp/libPeriphDriver_softfp.a(sys_me17.o)
                0x100011c4                MXC_SYS_ClockEnable
 .text.MXC_SYS_Clock_Timeout
                0x10001214       0x30 C:/Users/Nplano2/Documents/Projects/MaximSDK/Libraries/PeriphDrivers/bin/MAX32655/softfp/libPeriphDriver_softfp.a(sys_me17.o)
                0x10001214                MXC_SYS_Clock_Timeout
 .text.MXC_SYS_ClockSourceEnable
                0x10001244       0x94 C:/Users/Nplano2/Documents/Projects/MaximSDK/Libraries/PeriphDrivers/bin/MAX32655/softfp/libPeriphDriver_softfp.a(sys_me17.o)
                0x10001244                MXC_SYS_ClockSourceEnable
 .text.MXC_SYS_Clock_Select
                0x100012d8      0x194 C:/Users/Nplano2/Documents/Projects/MaximSDK/Libraries/PeriphDrivers/bin/MAX32655/softfp/libPeriphDriver_softfp.a(sys_me17.o)
                0x100012d8                MXC_SYS_Clock_Select
 .text.MXC_SYS_GetClockDiv
                0x1000146c        0xc C:/Users/Nplano2/Documents/Projects/MaximSDK/Libraries/PeriphDrivers/bin/MAX32655/softfp/libPeriphDriver_softfp.a(sys_me17.o)
                0x1000146c                MXC_SYS_GetClockDiv
 .text.MXC_SYS_SetClockDiv
                0x10001478       0x24 C:/Users/Nplano2/Documents/Projects/MaximSDK/Libraries/PeriphDrivers/bin/MAX32655/softfp/libPeriphDriver_softfp.a(sys_me17.o)
                0x10001478                MXC_SYS_SetClockDiv
 .text.MXC_SYS_Reset_Periph
                0x1000149c       0x58 C:/Users/Nplano2/Documents/Projects/MaximSDK/Libraries/PeriphDrivers/bin/MAX32655/softfp/libPeriphDriver_softfp.a(sys_me17.o)
                0x1000149c                MXC_SYS_Reset_Periph
 .text.MXC_GPIO_Init
                0x100014f4       0x28 C:/Users/Nplano2/Documents/Projects/MaximSDK/Libraries/PeriphDrivers/bin/MAX32655/softfp/libPeriphDriver_softfp.a(gpio_me17.o)
                0x100014f4                MXC_GPIO_Init
 .text.MXC_GPIO_InGet
                0x1000151c       0x58 C:/Users/Nplano2/Documents/Projects/MaximSDK/Libraries/PeriphDrivers/bin/MAX32655/softfp/libPeriphDriver_softfp.a(gpio_me17.o)
                0x1000151c                MXC_GPIO_InGet
 .text.MXC_GPIO_OutSet
                0x10001574       0x38 C:/Users/Nplano2/Documents/Projects/MaximSDK/Libraries/PeriphDrivers/bin/MAX32655/softfp/libPeriphDriver_softfp.a(gpio_me17.o)
                0x10001574                MXC_GPIO_OutSet
 .text.MXC_GPIO_Handler
                0x100015ac        0x8 C:/Users/Nplano2/Documents/Projects/MaximSDK/Libraries/PeriphDrivers/bin/MAX32655/softfp/libPeriphDriver_softfp.a(gpio_me17.o)
                0x100015ac                MXC_GPIO_Handler
 .text.MXC_GPIO_ClearFlags
                0x100015b4        0x8 C:/Users/Nplano2/Documents/Projects/MaximSDK/Libraries/PeriphDrivers/bin/MAX32655/softfp/libPeriphDriver_softfp.a(gpio_me17.o)
                0x100015b4                MXC_GPIO_ClearFlags
 .text.MXC_GPIO_GetFlags
                0x100015bc        0x8 C:/Users/Nplano2/Documents/Projects/MaximSDK/Libraries/PeriphDrivers/bin/MAX32655/softfp/libPeriphDriver_softfp.a(gpio_me17.o)
                0x100015bc                MXC_GPIO_GetFlags
 .text.MXC_GPIO_SetVSSEL
                0x100015c4        0x8 C:/Users/Nplano2/Documents/Projects/MaximSDK/Libraries/PeriphDrivers/bin/MAX32655/softfp/libPeriphDriver_softfp.a(gpio_me17.o)
                0x100015c4                MXC_GPIO_SetVSSEL
 .text.MXC_GPIO_Config
                0x100015cc      0x1c4 C:/Users/Nplano2/Documents/Projects/MaximSDK/Libraries/PeriphDrivers/bin/MAX32655/softfp/libPeriphDriver_softfp.a(gpio_me17.o)
                0x100015cc                MXC_GPIO_Config
 .text.MXC_GPIO_RevA_InGet
                0x10001790        0x6 C:/Users/Nplano2/Documents/Projects/MaximSDK/Libraries/PeriphDrivers/bin/MAX32655/softfp/libPeriphDriver_softfp.a(gpio_reva.o)
                0x10001790                MXC_GPIO_RevA_InGet
 .text.MXC_GPIO_RevA_OutSet
                0x10001796        0x4 C:/Users/Nplano2/Documents/Projects/MaximSDK/Libraries/PeriphDrivers/bin/MAX32655/softfp/libPeriphDriver_softfp.a(gpio_reva.o)
                0x10001796                MXC_GPIO_RevA_OutSet
 .text.MXC_GPIO_RevA_ClearFlags
                0x1000179a        0x4 C:/Users/Nplano2/Documents/Projects/MaximSDK/Libraries/PeriphDrivers/bin/MAX32655/softfp/libPeriphDriver_softfp.a(gpio_reva.o)
                0x1000179a                MXC_GPIO_RevA_ClearFlags
 .text.MXC_GPIO_RevA_GetFlags
                0x1000179e        0x4 C:/Users/Nplano2/Documents/Projects/MaximSDK/Libraries/PeriphDrivers/bin/MAX32655/softfp/libPeriphDriver_softfp.a(gpio_reva.o)
                0x1000179e                MXC_GPIO_RevA_GetFlags
 .text.MXC_GPIO_RevA_SetVSSEL
                0x100017a2       0x2a C:/Users/Nplano2/Documents/Projects/MaximSDK/Libraries/PeriphDrivers/bin/MAX32655/softfp/libPeriphDriver_softfp.a(gpio_reva.o)
                0x100017a2                MXC_GPIO_RevA_SetVSSEL
 .text.MXC_GPIO_RevA_SetAF
                0x100017cc       0x72 C:/Users/Nplano2/Documents/Projects/MaximSDK/Libraries/PeriphDrivers/bin/MAX32655/softfp/libPeriphDriver_softfp.a(gpio_reva.o)
                0x100017cc                MXC_GPIO_RevA_SetAF
 .text.MXC_ICC_Enable
                0x1000183e        0x8 C:/Users/Nplano2/Documents/Projects/MaximSDK/Libraries/PeriphDrivers/bin/MAX32655/softfp/libPeriphDriver_softfp.a(icc_me17.o)
                0x1000183e                MXC_ICC_Enable
 .text.MXC_ICC_Ready
                0x10001846        0xa C:/Users/Nplano2/Documents/Projects/MaximSDK/Libraries/PeriphDrivers/bin/MAX32655/softfp/libPeriphDriver_softfp.a(icc_reva.o)
 .text.MXC_ICC_RevA_Enable
                0x10001850       0x38 C:/Users/Nplano2/Documents/Projects/MaximSDK/Libraries/PeriphDrivers/bin/MAX32655/softfp/libPeriphDriver_softfp.a(icc_reva.o)
                0x10001850                MXC_ICC_RevA_Enable
 .text.MXC_SIMO_SetVregO_A
                0x10001888       0x10 C:/Users/Nplano2/Documents/Projects/MaximSDK/Libraries/PeriphDrivers/bin/MAX32655/softfp/libPeriphDriver_softfp.a(simo_me17.o)
                0x10001888                MXC_SIMO_SetVregO_A
 .text.MXC_SIMO_SetVregO_B
                0x10001898       0x10 C:/Users/Nplano2/Documents/Projects/MaximSDK/Libraries/PeriphDrivers/bin/MAX32655/softfp/libPeriphDriver_softfp.a(simo_me17.o)
                0x10001898                MXC_SIMO_SetVregO_B
 .text.MXC_SIMO_SetVregO_C
                0x100018a8       0x10 C:/Users/Nplano2/Documents/Projects/MaximSDK/Libraries/PeriphDrivers/bin/MAX32655/softfp/libPeriphDriver_softfp.a(simo_me17.o)
                0x100018a8                MXC_SIMO_SetVregO_C
 .text.MXC_SIMO_GetOutReadyA
                0x100018b8       0x10 C:/Users/Nplano2/Documents/Projects/MaximSDK/Libraries/PeriphDrivers/bin/MAX32655/softfp/libPeriphDriver_softfp.a(simo_me17.o)
                0x100018b8                MXC_SIMO_GetOutReadyA
 .text.MXC_SIMO_GetOutReadyB
                0x100018c8       0x10 C:/Users/Nplano2/Documents/Projects/MaximSDK/Libraries/PeriphDrivers/bin/MAX32655/softfp/libPeriphDriver_softfp.a(simo_me17.o)
                0x100018c8                MXC_SIMO_GetOutReadyB
 .text.MXC_SIMO_GetOutReadyC
                0x100018d8       0x10 C:/Users/Nplano2/Documents/Projects/MaximSDK/Libraries/PeriphDrivers/bin/MAX32655/softfp/libPeriphDriver_softfp.a(simo_me17.o)
                0x100018d8                MXC_SIMO_GetOutReadyC
 .text.MXC_SIMO_RevA_SetVregO_A
                0x100018e8       0x30 C:/Users/Nplano2/Documents/Projects/MaximSDK/Libraries/PeriphDrivers/bin/MAX32655/softfp/libPeriphDriver_softfp.a(simo_reva.o)
                0x100018e8                MXC_SIMO_RevA_SetVregO_A
 .text.MXC_SIMO_RevA_SetVregO_B
                0x10001918       0x30 C:/Users/Nplano2/Documents/Projects/MaximSDK/Libraries/PeriphDrivers/bin/MAX32655/softfp/libPeriphDriver_softfp.a(simo_reva.o)
                0x10001918                MXC_SIMO_RevA_SetVregO_B
 .text.MXC_SIMO_RevA_SetVregO_C
                0x10001948       0x30 C:/Users/Nplano2/Documents/Projects/MaximSDK/Libraries/PeriphDrivers/bin/MAX32655/softfp/libPeriphDriver_softfp.a(simo_reva.o)
                0x10001948                MXC_SIMO_RevA_SetVregO_C
 .text.MXC_SIMO_RevA_GetOutReadyA
                0x10001978       0x12 C:/Users/Nplano2/Documents/Projects/MaximSDK/Libraries/PeriphDrivers/bin/MAX32655/softfp/libPeriphDriver_softfp.a(simo_reva.o)
                0x10001978                MXC_SIMO_RevA_GetOutReadyA
 .text.MXC_SIMO_RevA_GetOutReadyB
                0x1000198a       0x12 C:/Users/Nplano2/Documents/Projects/MaximSDK/Libraries/PeriphDrivers/bin/MAX32655/softfp/libPeriphDriver_softfp.a(simo_reva.o)
                0x1000198a                MXC_SIMO_RevA_GetOutReadyB
 .text.MXC_SIMO_RevA_GetOutReadyC
                0x1000199c       0x12 C:/Users/Nplano2/Documents/Projects/MaximSDK/Libraries/PeriphDrivers/bin/MAX32655/softfp/libPeriphDriver_softfp.a(simo_reva.o)
                0x1000199c                MXC_SIMO_RevA_GetOutReadyC
 *fill*         0x100019ae        0x2 
 .text.MXC_SPI_Init
                0x100019b0      0x214 C:/Users/Nplano2/Documents/Projects/MaximSDK/Libraries/PeriphDrivers/bin/MAX32655/softfp/libPeriphDriver_softfp.a(spi_me17.o)
                0x100019b0                MXC_SPI_Init
 .text.MXC_SPI_GetPeripheralClock
                0x10001bc4       0x7c C:/Users/Nplano2/Documents/Projects/MaximSDK/Libraries/PeriphDrivers/bin/MAX32655/softfp/libPeriphDriver_softfp.a(spi_me17.o)
                0x10001bc4                MXC_SPI_GetPeripheralClock
 .text.MXC_SPI_SetFrequency
                0x10001c40        0x8 C:/Users/Nplano2/Documents/Projects/MaximSDK/Libraries/PeriphDrivers/bin/MAX32655/softfp/libPeriphDriver_softfp.a(spi_me17.o)
                0x10001c40                MXC_SPI_SetFrequency
 .text.MXC_SPI_SetDataSize
                0x10001c48        0x8 C:/Users/Nplano2/Documents/Projects/MaximSDK/Libraries/PeriphDrivers/bin/MAX32655/softfp/libPeriphDriver_softfp.a(spi_me17.o)
                0x10001c48                MXC_SPI_SetDataSize
 .text.MXC_SPI_GetDataSize
                0x10001c50        0x8 C:/Users/Nplano2/Documents/Projects/MaximSDK/Libraries/PeriphDrivers/bin/MAX32655/softfp/libPeriphDriver_softfp.a(spi_me17.o)
                0x10001c50                MXC_SPI_GetDataSize
 .text.MXC_SPI_SetSlave
                0x10001c58        0x8 C:/Users/Nplano2/Documents/Projects/MaximSDK/Libraries/PeriphDrivers/bin/MAX32655/softfp/libPeriphDriver_softfp.a(spi_me17.o)
                0x10001c58                MXC_SPI_SetSlave
 .text.MXC_SPI_SetWidth
                0x10001c60        0x8 C:/Users/Nplano2/Documents/Projects/MaximSDK/Libraries/PeriphDrivers/bin/MAX32655/softfp/libPeriphDriver_softfp.a(spi_me17.o)
                0x10001c60                MXC_SPI_SetWidth
 .text.MXC_SPI_GetWidth
                0x10001c68        0x8 C:/Users/Nplano2/Documents/Projects/MaximSDK/Libraries/PeriphDrivers/bin/MAX32655/softfp/libPeriphDriver_softfp.a(spi_me17.o)
                0x10001c68                MXC_SPI_GetWidth
 .text.MXC_SPI_SetMode
                0x10001c70        0x8 C:/Users/Nplano2/Documents/Projects/MaximSDK/Libraries/PeriphDrivers/bin/MAX32655/softfp/libPeriphDriver_softfp.a(spi_me17.o)
                0x10001c70                MXC_SPI_SetMode
 .text.MXC_SPI_StartTransmission
                0x10001c78        0x8 C:/Users/Nplano2/Documents/Projects/MaximSDK/Libraries/PeriphDrivers/bin/MAX32655/softfp/libPeriphDriver_softfp.a(spi_me17.o)
                0x10001c78                MXC_SPI_StartTransmission
 .text.MXC_SPI_GetActive
                0x10001c80        0x8 C:/Users/Nplano2/Documents/Projects/MaximSDK/Libraries/PeriphDrivers/bin/MAX32655/softfp/libPeriphDriver_softfp.a(spi_me17.o)
                0x10001c80                MXC_SPI_GetActive
 .text.MXC_SPI_ReadRXFIFO
                0x10001c88        0x8 C:/Users/Nplano2/Documents/Projects/MaximSDK/Libraries/PeriphDrivers/bin/MAX32655/softfp/libPeriphDriver_softfp.a(spi_me17.o)
                0x10001c88                MXC_SPI_ReadRXFIFO
 .text.MXC_SPI_GetRXFIFOAvailable
                0x10001c90        0x8 C:/Users/Nplano2/Documents/Projects/MaximSDK/Libraries/PeriphDrivers/bin/MAX32655/softfp/libPeriphDriver_softfp.a(spi_me17.o)
                0x10001c90                MXC_SPI_GetRXFIFOAvailable
 .text.MXC_SPI_WriteTXFIFO
                0x10001c98        0x8 C:/Users/Nplano2/Documents/Projects/MaximSDK/Libraries/PeriphDrivers/bin/MAX32655/softfp/libPeriphDriver_softfp.a(spi_me17.o)
                0x10001c98                MXC_SPI_WriteTXFIFO
 .text.MXC_SPI_GetTXFIFOAvailable
                0x10001ca0        0x8 C:/Users/Nplano2/Documents/Projects/MaximSDK/Libraries/PeriphDrivers/bin/MAX32655/softfp/libPeriphDriver_softfp.a(spi_me17.o)
                0x10001ca0                MXC_SPI_GetTXFIFOAvailable
 .text.MXC_SPI_SetRXThreshold
                0x10001ca8        0x8 C:/Users/Nplano2/Documents/Projects/MaximSDK/Libraries/PeriphDrivers/bin/MAX32655/softfp/libPeriphDriver_softfp.a(spi_me17.o)
                0x10001ca8                MXC_SPI_SetRXThreshold
 .text.MXC_SPI_SetTXThreshold
                0x10001cb0        0x8 C:/Users/Nplano2/Documents/Projects/MaximSDK/Libraries/PeriphDrivers/bin/MAX32655/softfp/libPeriphDriver_softfp.a(spi_me17.o)
                0x10001cb0                MXC_SPI_SetTXThreshold
 .text.MXC_SPI_MasterTransaction
                0x10001cb8        0x8 C:/Users/Nplano2/Documents/Projects/MaximSDK/Libraries/PeriphDrivers/bin/MAX32655/softfp/libPeriphDriver_softfp.a(spi_me17.o)
                0x10001cb8                MXC_SPI_MasterTransaction
 .text.MXC_SPI_RevA_TransSetup
                0x10001cc0      0x1d4 C:/Users/Nplano2/Documents/Projects/MaximSDK/Libraries/PeriphDrivers/bin/MAX32655/softfp/libPeriphDriver_softfp.a(spi_reva.o)
 .text.MXC_SPI_RevA_TransHandler
                0x10001e94      0x180 C:/Users/Nplano2/Documents/Projects/MaximSDK/Libraries/PeriphDrivers/bin/MAX32655/softfp/libPeriphDriver_softfp.a(spi_reva.o)
 .text.MXC_SPI_RevA_MasterTransHandler
                0x10002014       0x74 C:/Users/Nplano2/Documents/Projects/MaximSDK/Libraries/PeriphDrivers/bin/MAX32655/softfp/libPeriphDriver_softfp.a(spi_reva.o)
 .text.MXC_SPI_RevA_Init
                0x10002088      0x108 C:/Users/Nplano2/Documents/Projects/MaximSDK/Libraries/PeriphDrivers/bin/MAX32655/softfp/libPeriphDriver_softfp.a(spi_reva.o)
                0x10002088                MXC_SPI_RevA_Init
 .text.MXC_SPI_RevA_SetFrequency
                0x10002190       0x84 C:/Users/Nplano2/Documents/Projects/MaximSDK/Libraries/PeriphDrivers/bin/MAX32655/softfp/libPeriphDriver_softfp.a(spi_reva.o)
                0x10002190                MXC_SPI_RevA_SetFrequency
 .text.MXC_SPI_RevA_SetDataSize
                0x10002214       0xb0 C:/Users/Nplano2/Documents/Projects/MaximSDK/Libraries/PeriphDrivers/bin/MAX32655/softfp/libPeriphDriver_softfp.a(spi_reva.o)
                0x10002214                MXC_SPI_RevA_SetDataSize
 .text.MXC_SPI_RevA_GetDataSize
                0x100022c4       0x40 C:/Users/Nplano2/Documents/Projects/MaximSDK/Libraries/PeriphDrivers/bin/MAX32655/softfp/libPeriphDriver_softfp.a(spi_reva.o)
                0x100022c4                MXC_SPI_RevA_GetDataSize
 .text.MXC_SPI_RevA_SetSlave
                0x10002304       0x64 C:/Users/Nplano2/Documents/Projects/MaximSDK/Libraries/PeriphDrivers/bin/MAX32655/softfp/libPeriphDriver_softfp.a(spi_reva.o)
                0x10002304                MXC_SPI_RevA_SetSlave
 .text.MXC_SPI_RevA_SetWidth
                0x10002368       0x68 C:/Users/Nplano2/Documents/Projects/MaximSDK/Libraries/PeriphDrivers/bin/MAX32655/softfp/libPeriphDriver_softfp.a(spi_reva.o)
                0x10002368                MXC_SPI_RevA_SetWidth
 .text.MXC_SPI_RevA_GetWidth
                0x100023d0       0x28 C:/Users/Nplano2/Documents/Projects/MaximSDK/Libraries/PeriphDrivers/bin/MAX32655/softfp/libPeriphDriver_softfp.a(spi_reva.o)
                0x100023d0                MXC_SPI_RevA_GetWidth
 .text.MXC_SPI_RevA_SetMode
                0x100023f8       0x84 C:/Users/Nplano2/Documents/Projects/MaximSDK/Libraries/PeriphDrivers/bin/MAX32655/softfp/libPeriphDriver_softfp.a(spi_reva.o)
                0x100023f8                MXC_SPI_RevA_SetMode
 .text.MXC_SPI_RevA_StartTransmission
                0x1000247c       0x44 C:/Users/Nplano2/Documents/Projects/MaximSDK/Libraries/PeriphDrivers/bin/MAX32655/softfp/libPeriphDriver_softfp.a(spi_reva.o)
                0x1000247c                MXC_SPI_RevA_StartTransmission
 .text.MXC_SPI_RevA_GetActive
                0x100024c0       0x12 C:/Users/Nplano2/Documents/Projects/MaximSDK/Libraries/PeriphDrivers/bin/MAX32655/softfp/libPeriphDriver_softfp.a(spi_reva.o)
                0x100024c0                MXC_SPI_RevA_GetActive
 *fill*         0x100024d2        0x2 
 .text.MXC_SPI_RevA_ReadRXFIFO
                0x100024d4       0xa0 C:/Users/Nplano2/Documents/Projects/MaximSDK/Libraries/PeriphDrivers/bin/MAX32655/softfp/libPeriphDriver_softfp.a(spi_reva.o)
                0x100024d4                MXC_SPI_RevA_ReadRXFIFO
 .text.MXC_SPI_RevA_GetRXFIFOAvailable
                0x10002574        0x8 C:/Users/Nplano2/Documents/Projects/MaximSDK/Libraries/PeriphDrivers/bin/MAX32655/softfp/libPeriphDriver_softfp.a(spi_reva.o)
                0x10002574                MXC_SPI_RevA_GetRXFIFOAvailable
 .text.MXC_SPI_RevA_WriteTXFIFO
                0x1000257c       0x88 C:/Users/Nplano2/Documents/Projects/MaximSDK/Libraries/PeriphDrivers/bin/MAX32655/softfp/libPeriphDriver_softfp.a(spi_reva.o)
                0x1000257c                MXC_SPI_RevA_WriteTXFIFO
 .text.MXC_SPI_RevA_GetTXFIFOAvailable
                0x10002604       0x38 C:/Users/Nplano2/Documents/Projects/MaximSDK/Libraries/PeriphDrivers/bin/MAX32655/softfp/libPeriphDriver_softfp.a(spi_reva.o)
                0x10002604                MXC_SPI_RevA_GetTXFIFOAvailable
 .text.MXC_SPI_RevA_SetRXThreshold
                0x1000263c       0x4c C:/Users/Nplano2/Documents/Projects/MaximSDK/Libraries/PeriphDrivers/bin/MAX32655/softfp/libPeriphDriver_softfp.a(spi_reva.o)
                0x1000263c                MXC_SPI_RevA_SetRXThreshold
 .text.MXC_SPI_RevA_SetTXThreshold
                0x10002688       0x48 C:/Users/Nplano2/Documents/Projects/MaximSDK/Libraries/PeriphDrivers/bin/MAX32655/softfp/libPeriphDriver_softfp.a(spi_reva.o)
                0x10002688                MXC_SPI_RevA_SetTXThreshold
 .text.MXC_SPI_RevA_MasterTransaction
                0x100026d0       0x30 C:/Users/Nplano2/Documents/Projects/MaximSDK/Libraries/PeriphDrivers/bin/MAX32655/softfp/libPeriphDriver_softfp.a(spi_reva.o)
                0x100026d0                MXC_SPI_RevA_MasterTransaction
 .text.MXC_UART_Shutdown
                0x10002700       0x70 C:/Users/Nplano2/Documents/Projects/MaximSDK/Libraries/PeriphDrivers/bin/MAX32655/softfp/libPeriphDriver_softfp.a(uart_me17.o)
                0x10002700                MXC_UART_Shutdown
 .text.MXC_UART_Init
                0x10002770       0xa4 C:/Users/Nplano2/Documents/Projects/MaximSDK/Libraries/PeriphDrivers/bin/MAX32655/softfp/libPeriphDriver_softfp.a(uart_me17.o)
                0x10002770                MXC_UART_Init
 .text.MXC_UART_GetFrequency
                0x10002814       0x64 C:/Users/Nplano2/Documents/Projects/MaximSDK/Libraries/PeriphDrivers/bin/MAX32655/softfp/libPeriphDriver_softfp.a(uart_me17.o)
                0x10002814                MXC_UART_GetFrequency
 .text.MXC_UART_SetFrequency
                0x10002878       0xdc C:/Users/Nplano2/Documents/Projects/MaximSDK/Libraries/PeriphDrivers/bin/MAX32655/softfp/libPeriphDriver_softfp.a(uart_me17.o)
                0x10002878                MXC_UART_SetFrequency
 .text.MXC_UART_SetDataSize
                0x10002954        0x8 C:/Users/Nplano2/Documents/Projects/MaximSDK/Libraries/PeriphDrivers/bin/MAX32655/softfp/libPeriphDriver_softfp.a(uart_me17.o)
                0x10002954                MXC_UART_SetDataSize
 .text.MXC_UART_SetStopBits
                0x1000295c        0x8 C:/Users/Nplano2/Documents/Projects/MaximSDK/Libraries/PeriphDrivers/bin/MAX32655/softfp/libPeriphDriver_softfp.a(uart_me17.o)
                0x1000295c                MXC_UART_SetStopBits
 .text.MXC_UART_SetParity
                0x10002964        0x8 C:/Users/Nplano2/Documents/Projects/MaximSDK/Libraries/PeriphDrivers/bin/MAX32655/softfp/libPeriphDriver_softfp.a(uart_me17.o)
                0x10002964                MXC_UART_SetParity
 .text.MXC_UART_ReadCharacterRaw
                0x1000296c        0x8 C:/Users/Nplano2/Documents/Projects/MaximSDK/Libraries/PeriphDrivers/bin/MAX32655/softfp/libPeriphDriver_softfp.a(uart_me17.o)
                0x1000296c                MXC_UART_ReadCharacterRaw
 .text.MXC_UART_WriteCharacterRaw
                0x10002974        0x8 C:/Users/Nplano2/Documents/Projects/MaximSDK/Libraries/PeriphDrivers/bin/MAX32655/softfp/libPeriphDriver_softfp.a(uart_me17.o)
                0x10002974                MXC_UART_WriteCharacterRaw
 .text.MXC_UART_ReadCharacter
                0x1000297c        0x8 C:/Users/Nplano2/Documents/Projects/MaximSDK/Libraries/PeriphDrivers/bin/MAX32655/softfp/libPeriphDriver_softfp.a(uart_me17.o)
                0x1000297c                MXC_UART_ReadCharacter
 .text.MXC_UART_WriteCharacter
                0x10002984        0x8 C:/Users/Nplano2/Documents/Projects/MaximSDK/Libraries/PeriphDrivers/bin/MAX32655/softfp/libPeriphDriver_softfp.a(uart_me17.o)
                0x10002984                MXC_UART_WriteCharacter
 .text.MXC_UART_GetRXFIFOAvailable
                0x1000298c        0x8 C:/Users/Nplano2/Documents/Projects/MaximSDK/Libraries/PeriphDrivers/bin/MAX32655/softfp/libPeriphDriver_softfp.a(uart_me17.o)
                0x1000298c                MXC_UART_GetRXFIFOAvailable
 .text.MXC_UART_GetTXFIFOAvailable
                0x10002994        0x8 C:/Users/Nplano2/Documents/Projects/MaximSDK/Libraries/PeriphDrivers/bin/MAX32655/softfp/libPeriphDriver_softfp.a(uart_me17.o)
                0x10002994                MXC_UART_GetTXFIFOAvailable
 .text.MXC_UART_SetRXThreshold
                0x1000299c        0x8 C:/Users/Nplano2/Documents/Projects/MaximSDK/Libraries/PeriphDrivers/bin/MAX32655/softfp/libPeriphDriver_softfp.a(uart_me17.o)
                0x1000299c                MXC_UART_SetRXThreshold
 .text.MXC_UART_RevB_Init
                0x100029a4       0x7c C:/Users/Nplano2/Documents/Projects/MaximSDK/Libraries/PeriphDrivers/bin/MAX32655/softfp/libPeriphDriver_softfp.a(uart_revb.o)
                0x100029a4                MXC_UART_RevB_Init
 .text.MXC_UART_RevB_SetFrequency
                0x10002a20       0xac C:/Users/Nplano2/Documents/Projects/MaximSDK/Libraries/PeriphDrivers/bin/MAX32655/softfp/libPeriphDriver_softfp.a(uart_revb.o)
                0x10002a20                MXC_UART_RevB_SetFrequency
 .text.MXC_UART_RevB_GetFrequency
                0x10002acc       0x80 C:/Users/Nplano2/Documents/Projects/MaximSDK/Libraries/PeriphDrivers/bin/MAX32655/softfp/libPeriphDriver_softfp.a(uart_revb.o)
                0x10002acc                MXC_UART_RevB_GetFrequency
 .text.MXC_UART_RevB_SetDataSize
                0x10002b4c       0x48 C:/Users/Nplano2/Documents/Projects/MaximSDK/Libraries/PeriphDrivers/bin/MAX32655/softfp/libPeriphDriver_softfp.a(uart_revb.o)
                0x10002b4c                MXC_UART_RevB_SetDataSize
 .text.MXC_UART_RevB_SetStopBits
                0x10002b94       0x4c C:/Users/Nplano2/Documents/Projects/MaximSDK/Libraries/PeriphDrivers/bin/MAX32655/softfp/libPeriphDriver_softfp.a(uart_revb.o)
                0x10002b94                MXC_UART_RevB_SetStopBits
 .text.MXC_UART_RevB_SetParity
                0x10002be0       0xb8 C:/Users/Nplano2/Documents/Projects/MaximSDK/Libraries/PeriphDrivers/bin/MAX32655/softfp/libPeriphDriver_softfp.a(uart_revb.o)
                0x10002be0                MXC_UART_RevB_SetParity
 .text.MXC_UART_RevB_ReadCharacterRaw
                0x10002c98       0x3c C:/Users/Nplano2/Documents/Projects/MaximSDK/Libraries/PeriphDrivers/bin/MAX32655/softfp/libPeriphDriver_softfp.a(uart_revb.o)
                0x10002c98                MXC_UART_RevB_ReadCharacterRaw
 .text.MXC_UART_RevB_WriteCharacterRaw
                0x10002cd4       0x3c C:/Users/Nplano2/Documents/Projects/MaximSDK/Libraries/PeriphDrivers/bin/MAX32655/softfp/libPeriphDriver_softfp.a(uart_revb.o)
                0x10002cd4                MXC_UART_RevB_WriteCharacterRaw
 .text.MXC_UART_RevB_GetRXFIFOAvailable
                0x10002d10        0x8 C:/Users/Nplano2/Documents/Projects/MaximSDK/Libraries/PeriphDrivers/bin/MAX32655/softfp/libPeriphDriver_softfp.a(uart_revb.o)
                0x10002d10                MXC_UART_RevB_GetRXFIFOAvailable
 .text.MXC_UART_RevB_GetTXFIFOAvailable
                0x10002d18        0xc C:/Users/Nplano2/Documents/Projects/MaximSDK/Libraries/PeriphDrivers/bin/MAX32655/softfp/libPeriphDriver_softfp.a(uart_revb.o)
                0x10002d18                MXC_UART_RevB_GetTXFIFOAvailable
 .text.MXC_UART_RevB_SetRXThreshold
                0x10002d24       0x48 C:/Users/Nplano2/Documents/Projects/MaximSDK/Libraries/PeriphDrivers/bin/MAX32655/softfp/libPeriphDriver_softfp.a(uart_revb.o)
                0x10002d24                MXC_UART_RevB_SetRXThreshold
 .text.MXC_FreeLock
                0x10002d6c        0xa C:/Users/Nplano2/Documents/Projects/MaximSDK/Libraries/PeriphDrivers/bin/MAX32655/softfp/libPeriphDriver_softfp.a(mxc_lock.o)
                0x10002d6c                MXC_FreeLock
 *fill*         0x10002d76        0x2 
 .text.MXC_GPIO_Common_Init
                0x10002d78       0x40 C:/Users/Nplano2/Documents/Projects/MaximSDK/Libraries/PeriphDrivers/bin/MAX32655/softfp/libPeriphDriver_softfp.a(gpio_common.o)
                0x10002d78                MXC_GPIO_Common_Init
 .text.MXC_GPIO_Common_Handler
                0x10002db8       0x90 C:/Users/Nplano2/Documents/Projects/MaximSDK/Libraries/PeriphDrivers/bin/MAX32655/softfp/libPeriphDriver_softfp.a(gpio_common.o)
                0x10002db8                MXC_GPIO_Common_Handler
 .text.MXC_UART_Common_ReadCharacter
                0x10002e48       0x16 C:/Users/Nplano2/Documents/Projects/MaximSDK/Libraries/PeriphDrivers/bin/MAX32655/softfp/libPeriphDriver_softfp.a(uart_common.o)
                0x10002e48                MXC_UART_Common_ReadCharacter
 .text.MXC_UART_Common_WriteCharacter
                0x10002e5e       0x1a C:/Users/Nplano2/Documents/Projects/MaximSDK/Libraries/PeriphDrivers/bin/MAX32655/softfp/libPeriphDriver_softfp.a(uart_common.o)
                0x10002e5e                MXC_UART_Common_WriteCharacter
 .text.__errno  0x10002e78        0xc c:/users/nplano2/documents/projects/maximsdk/tools/gnutools/10.3/bin/../lib/gcc/arm-none-eabi/10.3.1/../../../../arm-none-eabi/lib/thumb/v7e-m+fp/softfp\libc.a(lib_a-errno.o)
                0x10002e78                __errno
 .text.__libc_init_array
                0x10002e84       0x48 c:/users/nplano2/documents/projects/maximsdk/tools/gnutools/10.3/bin/../lib/gcc/arm-none-eabi/10.3.1/../../../../arm-none-eabi/lib/thumb/v7e-m+fp/softfp\libc.a(lib_a-init.o)
                0x10002e84                __libc_init_array
 .text.malloc   0x10002ecc       0x10 c:/users/nplano2/documents/projects/maximsdk/tools/gnutools/10.3/bin/../lib/gcc/arm-none-eabi/10.3.1/../../../../arm-none-eabi/lib/thumb/v7e-m+fp/softfp\libc.a(lib_a-malloc.o)
                0x10002ecc                malloc
 .text.free     0x10002edc       0x10 c:/users/nplano2/documents/projects/maximsdk/tools/gnutools/10.3/bin/../lib/gcc/arm-none-eabi/10.3.1/../../../../arm-none-eabi/lib/thumb/v7e-m+fp/softfp\libc.a(lib_a-malloc.o)
                0x10002edc                free
 .text._malloc_r
                0x10002eec      0x560 c:/users/nplano2/documents/projects/maximsdk/tools/gnutools/10.3/bin/../lib/gcc/arm-none-eabi/10.3.1/../../../../arm-none-eabi/lib/thumb/v7e-m+fp/softfp\libc.a(lib_a-mallocr.o)
                0x10002eec                _malloc_r
 .text          0x1000344c      0x134 c:/users/nplano2/documents/projects/maximsdk/tools/gnutools/10.3/bin/../lib/gcc/arm-none-eabi/10.3.1/../../../../arm-none-eabi/lib/thumb/v7e-m+fp/softfp\libc.a(lib_a-memcpy.o)
                0x1000344c                memcpy
 .text.memset   0x10003580       0xa4 c:/users/nplano2/documents/projects/maximsdk/tools/gnutools/10.3/bin/../lib/gcc/arm-none-eabi/10.3.1/../../../../arm-none-eabi/lib/thumb/v7e-m+fp/softfp\libc.a(lib_a-memset.o)
                0x10003580                memset
 .text.__malloc_lock
                0x10003624        0xc c:/users/nplano2/documents/projects/maximsdk/tools/gnutools/10.3/bin/../lib/gcc/arm-none-eabi/10.3.1/../../../../arm-none-eabi/lib/thumb/v7e-m+fp/softfp\libc.a(lib_a-mlock.o)
                0x10003624                __malloc_lock
 .text.__malloc_unlock
                0x10003630        0xc c:/users/nplano2/documents/projects/maximsdk/tools/gnutools/10.3/bin/../lib/gcc/arm-none-eabi/10.3.1/../../../../arm-none-eabi/lib/thumb/v7e-m+fp/softfp\libc.a(lib_a-mlock.o)
                0x10003630                __malloc_unlock
 .text.printf   0x1000363c       0x28 c:/users/nplano2/documents/projects/maximsdk/tools/gnutools/10.3/bin/../lib/gcc/arm-none-eabi/10.3.1/../../../../arm-none-eabi/lib/thumb/v7e-m+fp/softfp\libc.a(lib_a-printf.o)
                0x1000363c                printf
 .text._puts_r  0x10003664       0x9c c:/users/nplano2/documents/projects/maximsdk/tools/gnutools/10.3/bin/../lib/gcc/arm-none-eabi/10.3.1/../../../../arm-none-eabi/lib/thumb/v7e-m+fp/softfp\libc.a(lib_a-puts.o)
                0x10003664                _puts_r
 .text.puts     0x10003700       0x10 c:/users/nplano2/documents/projects/maximsdk/tools/gnutools/10.3/bin/../lib/gcc/arm-none-eabi/10.3.1/../../../../arm-none-eabi/lib/thumb/v7e-m+fp/softfp\libc.a(lib_a-puts.o)
                0x10003700                puts
 .text._sbrk_r  0x10003710       0x24 c:/users/nplano2/documents/projects/maximsdk/tools/gnutools/10.3/bin/../lib/gcc/arm-none-eabi/10.3.1/../../../../arm-none-eabi/lib/thumb/v7e-m+fp/softfp\libc.a(lib_a-sbrkr.o)
                0x10003710                _sbrk_r
 *fill*         0x10003734        0xc 
 .text          0x10003740       0xdc c:/users/nplano2/documents/projects/maximsdk/tools/gnutools/10.3/bin/../lib/gcc/arm-none-eabi/10.3.1/../../../../arm-none-eabi/lib/thumb/v7e-m+fp/softfp\libc.a(lib_a-strlen.o)
                0x10003740                strlen
 *fill*         0x1000381c        0x4 
 .text._vfprintf_r
                0x10003820     0x1b8c c:/users/nplano2/documents/projects/maximsdk/tools/gnutools/10.3/bin/../lib/gcc/arm-none-eabi/10.3.1/../../../../arm-none-eabi/lib/thumb/v7e-m+fp/softfp\libc.a(lib_a-vfprintf.o)
                0x10003820                _vfprintf_r
 .text.__sbprintf
                0x100053ac       0x80 c:/users/nplano2/documents/projects/maximsdk/tools/gnutools/10.3/bin/../lib/gcc/arm-none-eabi/10.3.1/../../../../arm-none-eabi/lib/thumb/v7e-m+fp/softfp\libc.a(lib_a-vfprintf.o)
 .text.__swsetup_r
                0x1000542c       0xd4 c:/users/nplano2/documents/projects/maximsdk/tools/gnutools/10.3/bin/../lib/gcc/arm-none-eabi/10.3.1/../../../../arm-none-eabi/lib/thumb/v7e-m+fp/softfp\libc.a(lib_a-wsetup.o)
                0x1000542c                __swsetup_r
 .text.startup.register_fini
                0x10005500       0x14 c:/users/nplano2/documents/projects/maximsdk/tools/gnutools/10.3/bin/../lib/gcc/arm-none-eabi/10.3.1/../../../../arm-none-eabi/lib/thumb/v7e-m+fp/softfp\libc.a(lib_a-__call_atexit.o)
 .text.atexit   0x10005514        0xc c:/users/nplano2/documents/projects/maximsdk/tools/gnutools/10.3/bin/../lib/gcc/arm-none-eabi/10.3.1/../../../../arm-none-eabi/lib/thumb/v7e-m+fp/softfp\libc.a(lib_a-atexit.o)
                0x10005514                atexit
 .text.quorem   0x10005520      0x128 c:/users/nplano2/documents/projects/maximsdk/tools/gnutools/10.3/bin/../lib/gcc/arm-none-eabi/10.3.1/../../../../arm-none-eabi/lib/thumb/v7e-m+fp/softfp\libc.a(lib_a-dtoa.o)
 .text._dtoa_r  0x10005648      0xf34 c:/users/nplano2/documents/projects/maximsdk/tools/gnutools/10.3/bin/../lib/gcc/arm-none-eabi/10.3.1/../../../../arm-none-eabi/lib/thumb/v7e-m+fp/softfp\libc.a(lib_a-dtoa.o)
                0x10005648                _dtoa_r
 .text.__sflush_r
                0x1000657c      0x130 c:/users/nplano2/documents/projects/maximsdk/tools/gnutools/10.3/bin/../lib/gcc/arm-none-eabi/10.3.1/../../../../arm-none-eabi/lib/thumb/v7e-m+fp/softfp\libc.a(lib_a-fflush.o)
                0x1000657c                __sflush_r
 .text._fflush_r
                0x100066ac       0x5c c:/users/nplano2/documents/projects/maximsdk/tools/gnutools/10.3/bin/../lib/gcc/arm-none-eabi/10.3.1/../../../../arm-none-eabi/lib/thumb/v7e-m+fp/softfp\libc.a(lib_a-fflush.o)
                0x100066ac                _fflush_r
 .text._cleanup_r
                0x10006708        0xc c:/users/nplano2/documents/projects/maximsdk/tools/gnutools/10.3/bin/../lib/gcc/arm-none-eabi/10.3.1/../../../../arm-none-eabi/lib/thumb/v7e-m+fp/softfp\libc.a(lib_a-findfp.o)
                0x10006708                _cleanup_r
 .text.__sinit  0x10006714      0x10c c:/users/nplano2/documents/projects/maximsdk/tools/gnutools/10.3/bin/../lib/gcc/arm-none-eabi/10.3.1/../../../../arm-none-eabi/lib/thumb/v7e-m+fp/softfp\libc.a(lib_a-findfp.o)
                0x10006714                __sinit
 .text.__sfp_lock_acquire
                0x10006820        0xc c:/users/nplano2/documents/projects/maximsdk/tools/gnutools/10.3/bin/../lib/gcc/arm-none-eabi/10.3.1/../../../../arm-none-eabi/lib/thumb/v7e-m+fp/softfp\libc.a(lib_a-findfp.o)
                0x10006820                __sfp_lock_acquire
 .text.__sfp_lock_release
                0x1000682c        0xc c:/users/nplano2/documents/projects/maximsdk/tools/gnutools/10.3/bin/../lib/gcc/arm-none-eabi/10.3.1/../../../../arm-none-eabi/lib/thumb/v7e-m+fp/softfp\libc.a(lib_a-findfp.o)
                0x1000682c                __sfp_lock_release
 .text.__libc_fini_array
                0x10006838       0x2c c:/users/nplano2/documents/projects/maximsdk/tools/gnutools/10.3/bin/../lib/gcc/arm-none-eabi/10.3.1/../../../../arm-none-eabi/lib/thumb/v7e-m+fp/softfp\libc.a(lib_a-fini.o)
                0x10006838                __libc_fini_array
 .text._malloc_trim_r
                0x10006864       0xa0 c:/users/nplano2/documents/projects/maximsdk/tools/gnutools/10.3/bin/../lib/gcc/arm-none-eabi/10.3.1/../../../../arm-none-eabi/lib/thumb/v7e-m+fp/softfp\libc.a(lib_a-freer.o)
                0x10006864                _malloc_trim_r
 .text._free_r  0x10006904      0x20c c:/users/nplano2/documents/projects/maximsdk/tools/gnutools/10.3/bin/../lib/gcc/arm-none-eabi/10.3.1/../../../../arm-none-eabi/lib/thumb/v7e-m+fp/softfp\libc.a(lib_a-freer.o)
                0x10006904                _free_r
 .text.__sfvwrite_r
                0x10006b10      0x2f0 c:/users/nplano2/documents/projects/maximsdk/tools/gnutools/10.3/bin/../lib/gcc/arm-none-eabi/10.3.1/../../../../arm-none-eabi/lib/thumb/v7e-m+fp/softfp\libc.a(lib_a-fvwrite.o)
                0x10006b10                __sfvwrite_r
 .text._fwalk_reent
                0x10006e00       0x48 c:/users/nplano2/documents/projects/maximsdk/tools/gnutools/10.3/bin/../lib/gcc/arm-none-eabi/10.3.1/../../../../arm-none-eabi/lib/thumb/v7e-m+fp/softfp\libc.a(lib_a-fwalk.o)
                0x10006e00                _fwalk_reent
 .text._localeconv_r
                0x10006e48        0x8 c:/users/nplano2/documents/projects/maximsdk/tools/gnutools/10.3/bin/../lib/gcc/arm-none-eabi/10.3.1/../../../../arm-none-eabi/lib/thumb/v7e-m+fp/softfp\libc.a(lib_a-localeconv.o)
                0x10006e48                _localeconv_r
 .text.__retarget_lock_init_recursive
                0x10006e50        0x4 c:/users/nplano2/documents/projects/maximsdk/tools/gnutools/10.3/bin/../lib/gcc/arm-none-eabi/10.3.1/../../../../arm-none-eabi/lib/thumb/v7e-m+fp/softfp\libc.a(lib_a-lock.o)
                0x10006e50                __retarget_lock_init_recursive
 .text.__retarget_lock_close_recursive
                0x10006e54        0x4 c:/users/nplano2/documents/projects/maximsdk/tools/gnutools/10.3/bin/../lib/gcc/arm-none-eabi/10.3.1/../../../../arm-none-eabi/lib/thumb/v7e-m+fp/softfp\libc.a(lib_a-lock.o)
                0x10006e54                __retarget_lock_close_recursive
 .text.__retarget_lock_acquire_recursive
                0x10006e58        0x4 c:/users/nplano2/documents/projects/maximsdk/tools/gnutools/10.3/bin/../lib/gcc/arm-none-eabi/10.3.1/../../../../arm-none-eabi/lib/thumb/v7e-m+fp/softfp\libc.a(lib_a-lock.o)
                0x10006e58                __retarget_lock_acquire_recursive
 .text.__retarget_lock_release_recursive
                0x10006e5c        0x4 c:/users/nplano2/documents/projects/maximsdk/tools/gnutools/10.3/bin/../lib/gcc/arm-none-eabi/10.3.1/../../../../arm-none-eabi/lib/thumb/v7e-m+fp/softfp\libc.a(lib_a-lock.o)
                0x10006e5c                __retarget_lock_release_recursive
 .text.__smakebuf_r
                0x10006e60       0xe0 c:/users/nplano2/documents/projects/maximsdk/tools/gnutools/10.3/bin/../lib/gcc/arm-none-eabi/10.3.1/../../../../arm-none-eabi/lib/thumb/v7e-m+fp/softfp\libc.a(lib_a-makebuf.o)
                0x10006e60                __smakebuf_r
 .text          0x10006f40       0xa0 c:/users/nplano2/documents/projects/maximsdk/tools/gnutools/10.3/bin/../lib/gcc/arm-none-eabi/10.3.1/../../../../arm-none-eabi/lib/thumb/v7e-m+fp/softfp\libc.a(lib_a-memchr.o)
                0x10006f40                memchr
 .text.memmove  0x10006fe0       0xf8 c:/users/nplano2/documents/projects/maximsdk/tools/gnutools/10.3/bin/../lib/gcc/arm-none-eabi/10.3.1/../../../../arm-none-eabi/lib/thumb/v7e-m+fp/softfp\libc.a(lib_a-memmove.o)
                0x10006fe0                memmove
 .text._Balloc  0x100070d8       0x4c c:/users/nplano2/documents/projects/maximsdk/tools/gnutools/10.3/bin/../lib/gcc/arm-none-eabi/10.3.1/../../../../arm-none-eabi/lib/thumb/v7e-m+fp/softfp\libc.a(lib_a-mprec.o)
                0x100070d8                _Balloc
 .text._Bfree   0x10007124       0x14 c:/users/nplano2/documents/projects/maximsdk/tools/gnutools/10.3/bin/../lib/gcc/arm-none-eabi/10.3.1/../../../../arm-none-eabi/lib/thumb/v7e-m+fp/softfp\libc.a(lib_a-mprec.o)
                0x10007124                _Bfree
 .text.__multadd
                0x10007138       0xa8 c:/users/nplano2/documents/projects/maximsdk/tools/gnutools/10.3/bin/../lib/gcc/arm-none-eabi/10.3.1/../../../../arm-none-eabi/lib/thumb/v7e-m+fp/softfp\libc.a(lib_a-mprec.o)
                0x10007138                __multadd
 .text.__hi0bits
                0x100071e0       0x40 c:/users/nplano2/documents/projects/maximsdk/tools/gnutools/10.3/bin/../lib/gcc/arm-none-eabi/10.3.1/../../../../arm-none-eabi/lib/thumb/v7e-m+fp/softfp\libc.a(lib_a-mprec.o)
                0x100071e0                __hi0bits
 .text.__lo0bits
                0x10007220       0x60 c:/users/nplano2/documents/projects/maximsdk/tools/gnutools/10.3/bin/../lib/gcc/arm-none-eabi/10.3.1/../../../../arm-none-eabi/lib/thumb/v7e-m+fp/softfp\libc.a(lib_a-mprec.o)
                0x10007220                __lo0bits
 .text.__i2b    0x10007280       0x5c c:/users/nplano2/documents/projects/maximsdk/tools/gnutools/10.3/bin/../lib/gcc/arm-none-eabi/10.3.1/../../../../arm-none-eabi/lib/thumb/v7e-m+fp/softfp\libc.a(lib_a-mprec.o)
                0x10007280                __i2b
 .text.__multiply
                0x100072dc      0x15c c:/users/nplano2/documents/projects/maximsdk/tools/gnutools/10.3/bin/../lib/gcc/arm-none-eabi/10.3.1/../../../../arm-none-eabi/lib/thumb/v7e-m+fp/softfp\libc.a(lib_a-mprec.o)
                0x100072dc                __multiply
 .text.__pow5mult
                0x10007438       0xc0 c:/users/nplano2/documents/projects/maximsdk/tools/gnutools/10.3/bin/../lib/gcc/arm-none-eabi/10.3.1/../../../../arm-none-eabi/lib/thumb/v7e-m+fp/softfp\libc.a(lib_a-mprec.o)
                0x10007438                __pow5mult
 .text.__lshift
                0x100074f8       0xf0 c:/users/nplano2/documents/projects/maximsdk/tools/gnutools/10.3/bin/../lib/gcc/arm-none-eabi/10.3.1/../../../../arm-none-eabi/lib/thumb/v7e-m+fp/softfp\libc.a(lib_a-mprec.o)
                0x100074f8                __lshift
 .text.__mcmp   0x100075e8       0x44 c:/users/nplano2/documents/projects/maximsdk/tools/gnutools/10.3/bin/../lib/gcc/arm-none-eabi/10.3.1/../../../../arm-none-eabi/lib/thumb/v7e-m+fp/softfp\libc.a(lib_a-mprec.o)
                0x100075e8                __mcmp
 .text.__mdiff  0x1000762c      0x14c c:/users/nplano2/documents/projects/maximsdk/tools/gnutools/10.3/bin/../lib/gcc/arm-none-eabi/10.3.1/../../../../arm-none-eabi/lib/thumb/v7e-m+fp/softfp\libc.a(lib_a-mprec.o)
                0x1000762c                __mdiff
 .text.__d2b    0x10007778       0xc4 c:/users/nplano2/documents/projects/maximsdk/tools/gnutools/10.3/bin/../lib/gcc/arm-none-eabi/10.3.1/../../../../arm-none-eabi/lib/thumb/v7e-m+fp/softfp\libc.a(lib_a-mprec.o)
                0x10007778                __d2b
 .text._realloc_r
                0x1000783c      0x3d8 c:/users/nplano2/documents/projects/maximsdk/tools/gnutools/10.3/bin/../lib/gcc/arm-none-eabi/10.3.1/../../../../arm-none-eabi/lib/thumb/v7e-m+fp/softfp\libc.a(lib_a-reallocr.o)
                0x1000783c                _realloc_r
 .text.frexp    0x10007c14       0x70 c:/users/nplano2/documents/projects/maximsdk/tools/gnutools/10.3/bin/../lib/gcc/arm-none-eabi/10.3.1/../../../../arm-none-eabi/lib/thumb/v7e-m+fp/softfp\libc.a(lib_a-s_frexp.o)
                0x10007c14                frexp
 .text.__sread  0x10007c84       0x24 c:/users/nplano2/documents/projects/maximsdk/tools/gnutools/10.3/bin/../lib/gcc/arm-none-eabi/10.3.1/../../../../arm-none-eabi/lib/thumb/v7e-m+fp/softfp\libc.a(lib_a-stdio.o)
                0x10007c84                __sread
 .text.__swrite
                0x10007ca8       0x40 c:/users/nplano2/documents/projects/maximsdk/tools/gnutools/10.3/bin/../lib/gcc/arm-none-eabi/10.3.1/../../../../arm-none-eabi/lib/thumb/v7e-m+fp/softfp\libc.a(lib_a-stdio.o)
                0x10007ca8                __swrite
 .text.__sseek  0x10007ce8       0x20 c:/users/nplano2/documents/projects/maximsdk/tools/gnutools/10.3/bin/../lib/gcc/arm-none-eabi/10.3.1/../../../../arm-none-eabi/lib/thumb/v7e-m+fp/softfp\libc.a(lib_a-stdio.o)
                0x10007ce8                __sseek
 .text.__sclose
                0x10007d08        0x8 c:/users/nplano2/documents/projects/maximsdk/tools/gnutools/10.3/bin/../lib/gcc/arm-none-eabi/10.3.1/../../../../arm-none-eabi/lib/thumb/v7e-m+fp/softfp\libc.a(lib_a-stdio.o)
                0x10007d08                __sclose
 .text.strncpy  0x10007d10       0x64 c:/users/nplano2/documents/projects/maximsdk/tools/gnutools/10.3/bin/../lib/gcc/arm-none-eabi/10.3.1/../../../../arm-none-eabi/lib/thumb/v7e-m+fp/softfp\libc.a(lib_a-strncpy.o)
                0x10007d10                strncpy
 .text.__sprint_r.part.0
                0x10007d74       0x78 c:/users/nplano2/documents/projects/maximsdk/tools/gnutools/10.3/bin/../lib/gcc/arm-none-eabi/10.3.1/../../../../arm-none-eabi/lib/thumb/v7e-m+fp/softfp\libc.a(lib_a-vfiprintf.o)
 .text.__sprint_r
                0x10007dec       0x18 c:/users/nplano2/documents/projects/maximsdk/tools/gnutools/10.3/bin/../lib/gcc/arm-none-eabi/10.3.1/../../../../arm-none-eabi/lib/thumb/v7e-m+fp/softfp\libc.a(lib_a-vfiprintf.o)
                0x10007dec                __sprint_r
 .text._vfiprintf_r
                0x10007e04      0xdfc c:/users/nplano2/documents/projects/maximsdk/tools/gnutools/10.3/bin/../lib/gcc/arm-none-eabi/10.3.1/../../../../arm-none-eabi/lib/thumb/v7e-m+fp/softfp\libc.a(lib_a-vfiprintf.o)
                0x10007e04                _vfiprintf_r
 .text.__sbprintf
                0x10008c00       0x80 c:/users/nplano2/documents/projects/maximsdk/tools/gnutools/10.3/bin/../lib/gcc/arm-none-eabi/10.3.1/../../../../arm-none-eabi/lib/thumb/v7e-m+fp/softfp\libc.a(lib_a-vfiprintf.o)
 .text._write_r
                0x10008c80       0x2c c:/users/nplano2/documents/projects/maximsdk/tools/gnutools/10.3/bin/../lib/gcc/arm-none-eabi/10.3.1/../../../../arm-none-eabi/lib/thumb/v7e-m+fp/softfp\libc.a(lib_a-writer.o)
                0x10008c80                _write_r
 .text.__register_exitproc
                0x10008cac       0x8c c:/users/nplano2/documents/projects/maximsdk/tools/gnutools/10.3/bin/../lib/gcc/arm-none-eabi/10.3.1/../../../../arm-none-eabi/lib/thumb/v7e-m+fp/softfp\libc.a(lib_a-__atexit.o)
                0x10008cac                __register_exitproc
 .text.__assert_func
                0x10008d38       0x40 c:/users/nplano2/documents/projects/maximsdk/tools/gnutools/10.3/bin/../lib/gcc/arm-none-eabi/10.3.1/../../../../arm-none-eabi/lib/thumb/v7e-m+fp/softfp\libc.a(lib_a-assert.o)
                0x10008d38                __assert_func
 .text._calloc_r
                0x10008d78       0x78 c:/users/nplano2/documents/projects/maximsdk/tools/gnutools/10.3/bin/../lib/gcc/arm-none-eabi/10.3.1/../../../../arm-none-eabi/lib/thumb/v7e-m+fp/softfp\libc.a(lib_a-callocr.o)
                0x10008d78                _calloc_r
 .text._close_r
                0x10008df0       0x24 c:/users/nplano2/documents/projects/maximsdk/tools/gnutools/10.3/bin/../lib/gcc/arm-none-eabi/10.3.1/../../../../arm-none-eabi/lib/thumb/v7e-m+fp/softfp\libc.a(lib_a-closer.o)
                0x10008df0                _close_r
 .text._fclose_r
                0x10008e14       0xcc c:/users/nplano2/documents/projects/maximsdk/tools/gnutools/10.3/bin/../lib/gcc/arm-none-eabi/10.3.1/../../../../arm-none-eabi/lib/thumb/v7e-m+fp/softfp\libc.a(lib_a-fclose.o)
                0x10008e14                _fclose_r
 .text.fiprintf
                0x10008ee0       0x28 c:/users/nplano2/documents/projects/maximsdk/tools/gnutools/10.3/bin/../lib/gcc/arm-none-eabi/10.3.1/../../../../arm-none-eabi/lib/thumb/v7e-m+fp/softfp\libc.a(lib_a-fiprintf.o)
                0x10008ee0                fiprintf
 .text.__fputwc
                0x10008f08       0xa8 c:/users/nplano2/documents/projects/maximsdk/tools/gnutools/10.3/bin/../lib/gcc/arm-none-eabi/10.3.1/../../../../arm-none-eabi/lib/thumb/v7e-m+fp/softfp\libc.a(lib_a-fputwc.o)
                0x10008f08                __fputwc
 .text._fputwc_r
                0x10008fb0       0x68 c:/users/nplano2/documents/projects/maximsdk/tools/gnutools/10.3/bin/../lib/gcc/arm-none-eabi/10.3.1/../../../../arm-none-eabi/lib/thumb/v7e-m+fp/softfp\libc.a(lib_a-fputwc.o)
                0x10008fb0                _fputwc_r
 .text._fstat_r
                0x10009018       0x2c c:/users/nplano2/documents/projects/maximsdk/tools/gnutools/10.3/bin/../lib/gcc/arm-none-eabi/10.3.1/../../../../arm-none-eabi/lib/thumb/v7e-m+fp/softfp\libc.a(lib_a-fstatr.o)
                0x10009018                _fstat_r
 .text._isatty_r
                0x10009044       0x24 c:/users/nplano2/documents/projects/maximsdk/tools/gnutools/10.3/bin/../lib/gcc/arm-none-eabi/10.3.1/../../../../arm-none-eabi/lib/thumb/v7e-m+fp/softfp\libc.a(lib_a-isattyr.o)
                0x10009044                _isatty_r
 .text.__locale_mb_cur_max
                0x10009068        0xc c:/users/nplano2/documents/projects/maximsdk/tools/gnutools/10.3/bin/../lib/gcc/arm-none-eabi/10.3.1/../../../../arm-none-eabi/lib/thumb/v7e-m+fp/softfp\libc.a(lib_a-locale.o)
                0x10009068                __locale_mb_cur_max
 .text._lseek_r
                0x10009074       0x2c c:/users/nplano2/documents/projects/maximsdk/tools/gnutools/10.3/bin/../lib/gcc/arm-none-eabi/10.3.1/../../../../arm-none-eabi/lib/thumb/v7e-m+fp/softfp\libc.a(lib_a-lseekr.o)
                0x10009074                _lseek_r
 .text.__ascii_mbtowc
                0x100090a0       0x2c c:/users/nplano2/documents/projects/maximsdk/tools/gnutools/10.3/bin/../lib/gcc/arm-none-eabi/10.3.1/../../../../arm-none-eabi/lib/thumb/v7e-m+fp/softfp\libc.a(lib_a-mbtowc_r.o)
                0x100090a0                __ascii_mbtowc
 .text._read_r  0x100090cc       0x2c c:/users/nplano2/documents/projects/maximsdk/tools/gnutools/10.3/bin/../lib/gcc/arm-none-eabi/10.3.1/../../../../arm-none-eabi/lib/thumb/v7e-m+fp/softfp\libc.a(lib_a-readr.o)
                0x100090cc                _read_r
 .text.__swbuf_r
                0x100090f8       0xb0 c:/users/nplano2/documents/projects/maximsdk/tools/gnutools/10.3/bin/../lib/gcc/arm-none-eabi/10.3.1/../../../../arm-none-eabi/lib/thumb/v7e-m+fp/softfp\libc.a(lib_a-wbuf.o)
                0x100090f8                __swbuf_r
 .text._wcrtomb_r
                0x100091a8       0x3c c:/users/nplano2/documents/projects/maximsdk/tools/gnutools/10.3/bin/../lib/gcc/arm-none-eabi/10.3.1/../../../../arm-none-eabi/lib/thumb/v7e-m+fp/softfp\libc.a(lib_a-wcrtomb.o)
                0x100091a8                _wcrtomb_r
 .text.__ascii_wctomb
                0x100091e4       0x1c c:/users/nplano2/documents/projects/maximsdk/tools/gnutools/10.3/bin/../lib/gcc/arm-none-eabi/10.3.1/../../../../arm-none-eabi/lib/thumb/v7e-m+fp/softfp\libc.a(lib_a-wctomb_r.o)
                0x100091e4                __ascii_wctomb
 .text.abort    0x10009200       0x10 c:/users/nplano2/documents/projects/maximsdk/tools/gnutools/10.3/bin/../lib/gcc/arm-none-eabi/10.3.1/../../../../arm-none-eabi/lib/thumb/v7e-m+fp/softfp\libc.a(lib_a-abort.o)
                0x10009200                abort
 .text.raise    0x10009210       0x5c c:/users/nplano2/documents/projects/maximsdk/tools/gnutools/10.3/bin/../lib/gcc/arm-none-eabi/10.3.1/../../../../arm-none-eabi/lib/thumb/v7e-m+fp/softfp\libc.a(lib_a-signal.o)
                0x10009210                raise
 .text._kill_r  0x1000926c       0x2c c:/users/nplano2/documents/projects/maximsdk/tools/gnutools/10.3/bin/../lib/gcc/arm-none-eabi/10.3.1/../../../../arm-none-eabi/lib/thumb/v7e-m+fp/softfp\libc.a(lib_a-signalr.o)
                0x1000926c                _kill_r
 .text._getpid_r
                0x10009298        0x4 c:/users/nplano2/documents/projects/maximsdk/tools/gnutools/10.3/bin/../lib/gcc/arm-none-eabi/10.3.1/../../../../arm-none-eabi/lib/thumb/v7e-m+fp/softfp\libc.a(lib_a-signalr.o)
                0x10009298                _getpid_r
 .text._getpid  0x1000929c       0x10 c:/users/nplano2/documents/projects/maximsdk/tools/gnutools/10.3/bin/../lib/gcc/arm-none-eabi/10.3.1/../../../../arm-none-eabi/lib/thumb/v7e-m+fp/softfp\libnosys.a(getpid.o)
                0x1000929c                _getpid
 .text._kill    0x100092ac       0x10 c:/users/nplano2/documents/projects/maximsdk/tools/gnutools/10.3/bin/../lib/gcc/arm-none-eabi/10.3.1/../../../../arm-none-eabi/lib/thumb/v7e-m+fp/softfp\libnosys.a(kill.o)
                0x100092ac                _kill
 .text._exit    0x100092bc        0x4 c:/users/nplano2/documents/projects/maximsdk/tools/gnutools/10.3/bin/../lib/gcc/arm-none-eabi/10.3.1/../../../../arm-none-eabi/lib/thumb/v7e-m+fp/softfp\libnosys.a(_exit.o)
                0x100092bc                _exit
 .text          0x100092c0      0x378 c:/users/nplano2/documents/projects/maximsdk/tools/gnutools/10.3/bin/../lib/gcc/arm-none-eabi/10.3.1/thumb/v7e-m+fp/softfp\libgcc.a(_arm_addsubdf3.o)
                0x100092c0                __aeabi_drsub
                0x100092c8                __aeabi_dsub
                0x100092c8                __subdf3
                0x100092cc                __aeabi_dadd
                0x100092cc                __adddf3
                0x10009544                __floatunsidf
                0x10009544                __aeabi_ui2d
                0x10009564                __floatsidf
                0x10009564                __aeabi_i2d
                0x10009588                __aeabi_f2d
                0x10009588                __extendsfdf2
                0x100095cc                __floatundidf
                0x100095cc                __aeabi_ul2d
                0x100095dc                __floatdidf
                0x100095dc                __aeabi_l2d
 .text          0x10009638      0x424 c:/users/nplano2/documents/projects/maximsdk/tools/gnutools/10.3/bin/../lib/gcc/arm-none-eabi/10.3.1/thumb/v7e-m+fp/softfp\libgcc.a(_arm_muldivdf3.o)
                0x10009638                __aeabi_dmul
                0x10009638                __muldf3
                0x1000988c                __divdf3
                0x1000988c                __aeabi_ddiv
 .text          0x10009a5c      0x110 c:/users/nplano2/documents/projects/maximsdk/tools/gnutools/10.3/bin/../lib/gcc/arm-none-eabi/10.3.1/thumb/v7e-m+fp/softfp\libgcc.a(_arm_cmpdf2.o)
                0x10009a5c                __gtdf2
                0x10009a5c                __gedf2
                0x10009a64                __ltdf2
                0x10009a64                __ledf2
                0x10009a6c                __nedf2
                0x10009a6c                __eqdf2
                0x10009a6c                __cmpdf2
                0x10009ae8                __aeabi_cdrcmple
                0x10009af8                __aeabi_cdcmpeq
                0x10009af8                __aeabi_cdcmple
                0x10009b08                __aeabi_dcmpeq
                0x10009b1c                __aeabi_dcmplt
                0x10009b30                __aeabi_dcmple
                0x10009b44                __aeabi_dcmpge
                0x10009b58                __aeabi_dcmpgt
 .text          0x10009b6c       0x2c c:/users/nplano2/documents/projects/maximsdk/tools/gnutools/10.3/bin/../lib/gcc/arm-none-eabi/10.3.1/thumb/v7e-m+fp/softfp\libgcc.a(_arm_unorddf2.o)
                0x10009b6c                __unorddf2
                0x10009b6c                __aeabi_dcmpun
 .text          0x10009b98       0x50 c:/users/nplano2/documents/projects/maximsdk/tools/gnutools/10.3/bin/../lib/gcc/arm-none-eabi/10.3.1/thumb/v7e-m+fp/softfp\libgcc.a(_arm_fixdfsi.o)
                0x10009b98                __aeabi_d2iz
                0x10009b98                __fixdfsi
 .text          0x10009be8       0x30 c:/users/nplano2/documents/projects/maximsdk/tools/gnutools/10.3/bin/../lib/gcc/arm-none-eabi/10.3.1/thumb/v7e-m+fp/softfp\libgcc.a(_aeabi_uldivmod.o)
                0x10009be8                __aeabi_uldivmod
 .text          0x10009c18      0x2d0 c:/users/nplano2/documents/projects/maximsdk/tools/gnutools/10.3/bin/../lib/gcc/arm-none-eabi/10.3.1/thumb/v7e-m+fp/softfp\libgcc.a(_udivmoddi4.o)
                0x10009c18                __udivmoddi4
 .text          0x10009ee8        0x4 c:/users/nplano2/documents/projects/maximsdk/tools/gnutools/10.3/bin/../lib/gcc/arm-none-eabi/10.3.1/thumb/v7e-m+fp/softfp\libgcc.a(_dvmd_tls.o)
                0x10009ee8                __aeabi_idiv0
                0x10009ee8                __aeabi_ldiv0
 *(.rodata*)
 .rodata.print_registers.str1.4
                0x10009eec       0xef c:/Users/Nplano2/eclipse-workspace/SPI/build/adxl359.o
 *fill*         0x10009fdb        0x1 
 .rodata.main.str1.4
                0x10009fdc        0x6 c:/Users/Nplano2/eclipse-workspace/SPI/build/main.o
 *fill*         0x10009fe2        0x2 
 .rodata.mxc_assert.str1.4
                0x10009fe4       0x19 c:/Users/Nplano2/eclipse-workspace/SPI/build/board.o
 *fill*         0x10009ffd        0x3 
 .rodata.Board_Init.str1.4
                0x1000a000       0x65 c:/Users/Nplano2/eclipse-workspace/SPI/build/board.o
 *fill*         0x1000a065        0x3 
 .rodata.NMI_Handler.str1.4
                0x1000a068        0xc c:/Users/Nplano2/eclipse-workspace/SPI/build/board.o
 .rodata.HardFault_Handler.str1.4
                0x1000a074       0x12 c:/Users/Nplano2/eclipse-workspace/SPI/build/board.o
 *fill*         0x1000a086        0x2 
 .rodata        0x1000a088       0x70 c:/Users/Nplano2/eclipse-workspace/SPI/build/board.o
 .rodata.led_pin
                0x1000a0f8       0x54 c:/Users/Nplano2/eclipse-workspace/SPI/build/board.o
                0x1000a0f8                led_pin
 .rodata.num_leds
                0x1000a14c        0x4 c:/Users/Nplano2/eclipse-workspace/SPI/build/board.o
                0x1000a14c                num_leds
 .rodata.num_pbs
                0x1000a150        0x4 c:/Users/Nplano2/eclipse-workspace/SPI/build/board.o
                0x1000a150                num_pbs
 .rodata.pb_pin
                0x1000a154       0x18 c:/Users/Nplano2/eclipse-workspace/SPI/build/board.o
                0x1000a154                pb_pin
 .rodata.LED_On.str1.4
                0x1000a16c       0x6f c:/Users/Nplano2/eclipse-workspace/SPI/build/led.o
 *fill*         0x1000a1db        0x1 
 .rodata.MXC_SPI_Init.str1.4
                0x1000a1dc       0x71 C:/Users/Nplano2/Documents/Projects/MaximSDK/Libraries/PeriphDrivers/bin/MAX32655/softfp/libPeriphDriver_softfp.a(spi_me17.o)
 *fill*         0x1000a24d        0x3 
 .rodata.MXC_SPI_RevA_SwapByte.str1.4
                0x1000a250       0x70 C:/Users/Nplano2/Documents/Projects/MaximSDK/Libraries/PeriphDrivers/bin/MAX32655/softfp/libPeriphDriver_softfp.a(spi_reva.o)
 .rodata.MXC_SPI_RevA_TransSetup.str1.4
                0x1000a2c0       0x22 C:/Users/Nplano2/Documents/Projects/MaximSDK/Libraries/PeriphDrivers/bin/MAX32655/softfp/libPeriphDriver_softfp.a(spi_reva.o)
                                 0x32 (size before relaxing)
 *fill*         0x1000a2e2        0x2 
 .rodata.MXC_SPI_RevA_ReadyForSleep.str1.4
                0x1000a2e4       0x2c C:/Users/Nplano2/Documents/Projects/MaximSDK/Libraries/PeriphDrivers/bin/MAX32655/softfp/libPeriphDriver_softfp.a(spi_reva.o)
 .rodata.gpio_cfg_uart0
                0x1000a310        0xc C:/Users/Nplano2/Documents/Projects/MaximSDK/Libraries/PeriphDrivers/bin/MAX32655/softfp/libPeriphDriver_softfp.a(pins_me17.o)
                0x1000a310                gpio_cfg_uart0
 .rodata.gpio_cfg_uart1
                0x1000a31c        0xc C:/Users/Nplano2/Documents/Projects/MaximSDK/Libraries/PeriphDrivers/bin/MAX32655/softfp/libPeriphDriver_softfp.a(pins_me17.o)
                0x1000a31c                gpio_cfg_uart1
 .rodata.gpio_cfg_uart2
                0x1000a328        0xc C:/Users/Nplano2/Documents/Projects/MaximSDK/Libraries/PeriphDrivers/bin/MAX32655/softfp/libPeriphDriver_softfp.a(pins_me17.o)
                0x1000a328                gpio_cfg_uart2
 .rodata.gpio_cfg_uart3
                0x1000a334        0xc C:/Users/Nplano2/Documents/Projects/MaximSDK/Libraries/PeriphDrivers/bin/MAX32655/softfp/libPeriphDriver_softfp.a(pins_me17.o)
                0x1000a334                gpio_cfg_uart3
 .rodata.MXC_GPIO_Common_Handler.str1.4
                0x1000a340       0x86 C:/Users/Nplano2/Documents/Projects/MaximSDK/Libraries/PeriphDrivers/bin/MAX32655/softfp/libPeriphDriver_softfp.a(gpio_common.o)
 *fill*         0x1000a3c6        0x2 
 .rodata._global_impure_ptr
                0x1000a3c8        0x4 c:/users/nplano2/documents/projects/maximsdk/tools/gnutools/10.3/bin/../lib/gcc/arm-none-eabi/10.3.1/../../../../arm-none-eabi/lib/thumb/v7e-m+fp/softfp\libc.a(lib_a-impure.o)
                0x1000a3c8                _global_impure_ptr
 .rodata._puts_r.str1.4
                0x1000a3cc       0x86 c:/users/nplano2/documents/projects/maximsdk/tools/gnutools/10.3/bin/../lib/gcc/arm-none-eabi/10.3.1/../../../../arm-none-eabi/lib/thumb/v7e-m+fp/softfp\libc.a(lib_a-puts.o)
                                  0x2 (size before relaxing)
 .rodata._vfprintf_r.str1.4
                0x1000a3cc       0x42 c:/users/nplano2/documents/projects/maximsdk/tools/gnutools/10.3/bin/../lib/gcc/arm-none-eabi/10.3.1/../../../../arm-none-eabi/lib/thumb/v7e-m+fp/softfp\libc.a(lib_a-vfprintf.o)
 *fill*         0x1000a40e        0x2 
 .rodata.blanks.1
                0x1000a410       0x10 c:/users/nplano2/documents/projects/maximsdk/tools/gnutools/10.3/bin/../lib/gcc/arm-none-eabi/10.3.1/../../../../arm-none-eabi/lib/thumb/v7e-m+fp/softfp\libc.a(lib_a-vfprintf.o)
 .rodata.zeroes.0
                0x1000a420       0x10 c:/users/nplano2/documents/projects/maximsdk/tools/gnutools/10.3/bin/../lib/gcc/arm-none-eabi/10.3.1/../../../../arm-none-eabi/lib/thumb/v7e-m+fp/softfp\libc.a(lib_a-vfprintf.o)
 .rodata._dtoa_r.str1.4
                0x1000a430       0xa2 c:/users/nplano2/documents/projects/maximsdk/tools/gnutools/10.3/bin/../lib/gcc/arm-none-eabi/10.3.1/../../../../arm-none-eabi/lib/thumb/v7e-m+fp/softfp\libc.a(lib_a-dtoa.o)
                                 0xa6 (size before relaxing)
 *fill*         0x1000a4d2        0x2 
 .rodata.__multadd.str1.4
                0x1000a4d4       0x7f c:/users/nplano2/documents/projects/maximsdk/tools/gnutools/10.3/bin/../lib/gcc/arm-none-eabi/10.3.1/../../../../arm-none-eabi/lib/thumb/v7e-m+fp/softfp\libc.a(lib_a-mprec.o)
                                 0x93 (size before relaxing)
 *fill*         0x1000a553        0x5 
 .rodata.__mprec_bigtens
                0x1000a558       0x28 c:/users/nplano2/documents/projects/maximsdk/tools/gnutools/10.3/bin/../lib/gcc/arm-none-eabi/10.3.1/../../../../arm-none-eabi/lib/thumb/v7e-m+fp/softfp\libc.a(lib_a-mprec.o)
                0x1000a558                __mprec_bigtens
 .rodata.__mprec_tens
                0x1000a580       0xc8 c:/users/nplano2/documents/projects/maximsdk/tools/gnutools/10.3/bin/../lib/gcc/arm-none-eabi/10.3.1/../../../../arm-none-eabi/lib/thumb/v7e-m+fp/softfp\libc.a(lib_a-mprec.o)
                0x1000a580                __mprec_tens
 .rodata.p05.0  0x1000a648        0xc c:/users/nplano2/documents/projects/maximsdk/tools/gnutools/10.3/bin/../lib/gcc/arm-none-eabi/10.3.1/../../../../arm-none-eabi/lib/thumb/v7e-m+fp/softfp\libc.a(lib_a-mprec.o)
 .rodata._vfiprintf_r.str1.4
                0x1000a654       0x2f c:/users/nplano2/documents/projects/maximsdk/tools/gnutools/10.3/bin/../lib/gcc/arm-none-eabi/10.3.1/../../../../arm-none-eabi/lib/thumb/v7e-m+fp/softfp\libc.a(lib_a-vfiprintf.o)
 .rodata.blanks.1
                0x1000a654       0x10 c:/users/nplano2/documents/projects/maximsdk/tools/gnutools/10.3/bin/../lib/gcc/arm-none-eabi/10.3.1/../../../../arm-none-eabi/lib/thumb/v7e-m+fp/softfp\libc.a(lib_a-vfiprintf.o)
 .rodata.zeroes.0
                0x1000a664       0x10 c:/users/nplano2/documents/projects/maximsdk/tools/gnutools/10.3/bin/../lib/gcc/arm-none-eabi/10.3.1/../../../../arm-none-eabi/lib/thumb/v7e-m+fp/softfp\libc.a(lib_a-vfiprintf.o)
 .rodata.__assert_func.str1.4
                0x1000a674       0x3f c:/users/nplano2/documents/projects/maximsdk/tools/gnutools/10.3/bin/../lib/gcc/arm-none-eabi/10.3.1/../../../../arm-none-eabi/lib/thumb/v7e-m+fp/softfp\libc.a(lib_a-assert.o)
                                 0x43 (size before relaxing)
 *fill*         0x1000a6b3        0x1 
 .rodata._setlocale_r.str1.4
                0x1000a6b4        0xa c:/users/nplano2/documents/projects/maximsdk/tools/gnutools/10.3/bin/../lib/gcc/arm-none-eabi/10.3.1/../../../../arm-none-eabi/lib/thumb/v7e-m+fp/softfp\libc.a(lib_a-locale.o)
                                  0xd (size before relaxing)
 *fill*         0x1000a6be        0x2 
 .rodata.str1.4
                0x1000a6c0        0x2 c:/users/nplano2/documents/projects/maximsdk/tools/gnutools/10.3/bin/../lib/gcc/arm-none-eabi/10.3.1/../../../../arm-none-eabi/lib/thumb/v7e-m+fp/softfp\libc.a(lib_a-locale.o)
 *fill*         0x1000a6c2        0x2 
 .rodata._ctype_
                0x1000a6c4      0x101 c:/users/nplano2/documents/projects/maximsdk/tools/gnutools/10.3/bin/../lib/gcc/arm-none-eabi/10.3.1/../../../../arm-none-eabi/lib/thumb/v7e-m+fp/softfp\libc.a(lib_a-ctype_.o)
                0x1000a6c4                _ctype_
 *(.init)
 *fill*         0x1000a7c5        0x3 
 .init          0x1000a7c8        0x4 c:/users/nplano2/documents/projects/maximsdk/tools/gnutools/10.3/bin/../lib/gcc/arm-none-eabi/10.3.1/thumb/v7e-m+fp/softfp/crti.o
                0x1000a7c8                _init
 .init          0x1000a7cc        0x8 c:/users/nplano2/documents/projects/maximsdk/tools/gnutools/10.3/bin/../lib/gcc/arm-none-eabi/10.3.1/thumb/v7e-m+fp/softfp/crtn.o
 *(.fini)
 .fini          0x1000a7d4        0x4 c:/users/nplano2/documents/projects/maximsdk/tools/gnutools/10.3/bin/../lib/gcc/arm-none-eabi/10.3.1/thumb/v7e-m+fp/softfp/crti.o
                0x1000a7d4                _fini
 .fini          0x1000a7d8        0x8 c:/users/nplano2/documents/projects/maximsdk/tools/gnutools/10.3/bin/../lib/gcc/arm-none-eabi/10.3.1/thumb/v7e-m+fp/softfp/crtn.o
 *(.eh_frame*)
 .eh_frame      0x1000a7e0        0x0 c:/users/nplano2/documents/projects/maximsdk/tools/gnutools/10.3/bin/../lib/gcc/arm-none-eabi/10.3.1/thumb/v7e-m+fp/softfp/crtbegin.o
 .eh_frame      0x1000a7e0        0x4 c:/users/nplano2/documents/projects/maximsdk/tools/gnutools/10.3/bin/../lib/gcc/arm-none-eabi/10.3.1/thumb/v7e-m+fp/softfp/crtend.o
                0x1000a7e4                _etext = .

.glue_7         0x1000a7e4        0x0
 .glue_7        0x1000a7e4        0x0 linker stubs

.glue_7t        0x1000a7e4        0x0
 .glue_7t       0x1000a7e4        0x0 linker stubs

.vfp11_veneer   0x1000a7e4        0x0
 .vfp11_veneer  0x1000a7e4        0x0 linker stubs

.v4_bx          0x1000a7e4        0x0
 .v4_bx         0x1000a7e4        0x0 linker stubs

.iplt           0x1000a7e4        0x0
 .iplt          0x1000a7e4        0x0 c:/users/nplano2/documents/projects/maximsdk/tools/gnutools/10.3/bin/../lib/gcc/arm-none-eabi/10.3.1/thumb/v7e-m+fp/softfp/crtbegin.o

.bin_storage    0x1000a7e4        0x0
 FILL mask 0xff
                0x1000a7e4                _bin_start_ = .
 *(.bin_storage_img)
                0x1000a7e4                _bin_end_ = .
                0x1000a7e4                . = ALIGN (0x4)

.rom_code       0x00000000        0x0
                0x00000000                . = ALIGN (0x10)
                0x20000000                _sran_code = .
 *(.rom_code_section)
                0x20000000                _esran_code = .

.flash_code     0x1000a7e4        0xc
                0x1000a7f0                . = ALIGN (0x10)
 *fill*         0x1000a7e4        0xc 
                0x20000000                _sran_code = .
 *(.flash_code_section)
                0x20000000                _esran_code = .

.sram_code      0x20000000        0x0
                0x20000000                . = ALIGN (0x10)
                0x20000000                _sran_code = .
 *(.sram_code_section)
                0x20000000                _esran_code = .

.ARM.exidx      0x1000a7f0        0x8
                0x1000a7f0                __exidx_start = .
 *(.ARM.exidx*)
 .ARM.exidx     0x1000a7f0        0x8 c:/users/nplano2/documents/projects/maximsdk/tools/gnutools/10.3/bin/../lib/gcc/arm-none-eabi/10.3.1/thumb/v7e-m+fp/softfp\libgcc.a(_udivmoddi4.o)
                0x1000a7f8                __exidx_end = .

.rel.dyn        0x1000a7f8        0x0
 .rel.iplt      0x1000a7f8        0x0 c:/users/nplano2/documents/projects/maximsdk/tools/gnutools/10.3/bin/../lib/gcc/arm-none-eabi/10.3.1/thumb/v7e-m+fp/softfp/crtbegin.o

.data           0x20000000      0x9c4 load address 0x1000a7f8
                0x20000000                _data = ALIGN (., 0x4)
 *(.data*)
 .data.ConsoleUart
                0x20000000        0x4 c:/Users/Nplano2/eclipse-workspace/SPI/build/board.o
                0x20000000                ConsoleUart
 .data.SystemCoreClock
                0x20000004        0x4 c:/Users/Nplano2/eclipse-workspace/SPI/build/system_max32655.o
                0x20000004                SystemCoreClock
 .data.overflows
                0x20000008        0x4 C:/Users/Nplano2/Documents/Projects/MaximSDK/Libraries/PeriphDrivers/bin/MAX32655/softfp/libPeriphDriver_softfp.a(mxc_delay.o)
 .data._impure_ptr
                0x2000000c        0x4 c:/users/nplano2/documents/projects/maximsdk/tools/gnutools/10.3/bin/../lib/gcc/arm-none-eabi/10.3.1/../../../../arm-none-eabi/lib/thumb/v7e-m+fp/softfp\libc.a(lib_a-impure.o)
                0x2000000c                _impure_ptr
 .data.impure_data
                0x20000010      0x428 c:/users/nplano2/documents/projects/maximsdk/tools/gnutools/10.3/bin/../lib/gcc/arm-none-eabi/10.3.1/../../../../arm-none-eabi/lib/thumb/v7e-m+fp/softfp\libc.a(lib_a-impure.o)
 .data.__malloc_av_
                0x20000438      0x408 c:/users/nplano2/documents/projects/maximsdk/tools/gnutools/10.3/bin/../lib/gcc/arm-none-eabi/10.3.1/../../../../arm-none-eabi/lib/thumb/v7e-m+fp/softfp\libc.a(lib_a-mallocr.o)
                0x20000438                __malloc_av_
 .data.__malloc_sbrk_base
                0x20000840        0x4 c:/users/nplano2/documents/projects/maximsdk/tools/gnutools/10.3/bin/../lib/gcc/arm-none-eabi/10.3.1/../../../../arm-none-eabi/lib/thumb/v7e-m+fp/softfp\libc.a(lib_a-mallocr.o)
                0x20000840                __malloc_sbrk_base
 .data.__malloc_trim_threshold
                0x20000844        0x4 c:/users/nplano2/documents/projects/maximsdk/tools/gnutools/10.3/bin/../lib/gcc/arm-none-eabi/10.3.1/../../../../arm-none-eabi/lib/thumb/v7e-m+fp/softfp\libc.a(lib_a-mallocr.o)
                0x20000844                __malloc_trim_threshold
 .data.__atexit_recursive_mutex
                0x20000848        0x4 c:/users/nplano2/documents/projects/maximsdk/tools/gnutools/10.3/bin/../lib/gcc/arm-none-eabi/10.3.1/../../../../arm-none-eabi/lib/thumb/v7e-m+fp/softfp\libc.a(lib_a-__call_atexit.o)
                0x20000848                __atexit_recursive_mutex
 .data.__global_locale
                0x2000084c      0x16c c:/users/nplano2/documents/projects/maximsdk/tools/gnutools/10.3/bin/../lib/gcc/arm-none-eabi/10.3.1/../../../../arm-none-eabi/lib/thumb/v7e-m+fp/softfp\libc.a(lib_a-locale.o)
                0x2000084c                __global_locale
 *(.flashprog*)
                0x200009b8                . = ALIGN (0x4)
                0x200009b8                PROVIDE (__preinit_array_start = .)
 *(.preinit_array)
                0x200009b8                PROVIDE (__preinit_array_end = .)
                0x200009b8                . = ALIGN (0x4)
                0x200009b8                PROVIDE (__init_array_start = .)
 *(SORT_BY_NAME(.init_array.*))
 .init_array.00000
                0x200009b8        0x4 c:/users/nplano2/documents/projects/maximsdk/tools/gnutools/10.3/bin/../lib/gcc/arm-none-eabi/10.3.1/../../../../arm-none-eabi/lib/thumb/v7e-m+fp/softfp\libc.a(lib_a-__call_atexit.o)
 *(.init_array)
 .init_array    0x200009bc        0x4 c:/users/nplano2/documents/projects/maximsdk/tools/gnutools/10.3/bin/../lib/gcc/arm-none-eabi/10.3.1/thumb/v7e-m+fp/softfp/crtbegin.o
                0x200009c0                PROVIDE (__init_array_end = .)
                0x200009c0                . = ALIGN (0x4)
                0x200009c0                PROVIDE (__fini_array_start = .)
 *(SORT_BY_NAME(.fini_array.*))
 *(.fini_array)
 .fini_array    0x200009c0        0x4 c:/users/nplano2/documents/projects/maximsdk/tools/gnutools/10.3/bin/../lib/gcc/arm-none-eabi/10.3.1/thumb/v7e-m+fp/softfp/crtbegin.o
                0x200009c4                PROVIDE (__fini_array_end = .)
                0x200009c4                _edata = ALIGN (., 0x4)
                0x1000a7f8                __load_data = LOADADDR (.data)

.igot.plt       0x200009c4        0x0 load address 0x1000b1bc
 .igot.plt      0x200009c4        0x0 c:/users/nplano2/documents/projects/maximsdk/tools/gnutools/10.3/bin/../lib/gcc/arm-none-eabi/10.3.1/thumb/v7e-m+fp/softfp/crtbegin.o

.bss            0x200009c4      0x54c load address 0x1000b1bc
                0x200009c4                . = ALIGN (0x4)
                0x200009c4                _bss = .
 *(.bss*)
 .bss           0x200009c4       0x1c c:/users/nplano2/documents/projects/maximsdk/tools/gnutools/10.3/bin/../lib/gcc/arm-none-eabi/10.3.1/thumb/v7e-m+fp/softfp/crtbegin.o
 .bss.drdy      0x200009e0        0xc c:/Users/Nplano2/eclipse-workspace/SPI/build/adxl359.o
                0x200009e0                drdy
 .bss.blen_pin  0x200009ec        0xc c:/Users/Nplano2/eclipse-workspace/SPI/build/tft_ssd2119.o
 .bss.g_spi_gpio
                0x200009f8        0xc c:/Users/Nplano2/eclipse-workspace/SPI/build/tft_ssd2119.o
 .bss.reset_pin
                0x20000a04        0xc c:/Users/Nplano2/eclipse-workspace/SPI/build/tft_ssd2119.o
 .bss.spi       0x20000a10        0x4 c:/Users/Nplano2/eclipse-workspace/SPI/build/tft_ssd2119.o
 .bss.ssel      0x20000a14        0x4 c:/Users/Nplano2/eclipse-workspace/SPI/build/tft_ssd2119.o
 .bss.tft_spi_freq
                0x20000a18        0x4 c:/Users/Nplano2/eclipse-workspace/SPI/build/tft_ssd2119.o
 .bss.busy_gpio
                0x20000a1c        0xc c:/Users/Nplano2/eclipse-workspace/SPI/build/tsc2046.o
 .bss.int_gpio  0x20000a28        0xc c:/Users/Nplano2/eclipse-workspace/SPI/build/tsc2046.o
 .bss.t_spi     0x20000a34        0x4 c:/Users/Nplano2/eclipse-workspace/SPI/build/tsc2046.o
 .bss.t_spi_freq
                0x20000a38        0x4 c:/Users/Nplano2/eclipse-workspace/SPI/build/tsc2046.o
 .bss.t_spi_gpio
                0x20000a3c        0xc c:/Users/Nplano2/eclipse-workspace/SPI/build/tsc2046.o
 .bss.t_ssel    0x20000a48        0x4 c:/Users/Nplano2/eclipse-workspace/SPI/build/tsc2046.o
 .bss.g_cfg     0x20000a4c       0x10 c:/Users/Nplano2/eclipse-workspace/SPI/build/w25.o
 .bss.g_is_configured
                0x20000a5c        0x1 c:/Users/Nplano2/eclipse-workspace/SPI/build/w25.o
 *fill*         0x20000a5d        0x3 
 .bss.heap_end  0x20000a60        0x4 c:/Users/Nplano2/eclipse-workspace/SPI/build/heap.o
 .bss.cbFunc    0x20000a64        0x4 C:/Users/Nplano2/Documents/Projects/MaximSDK/Libraries/PeriphDrivers/bin/MAX32655/softfp/libPeriphDriver_softfp.a(mxc_delay.o)
 .bss.ctrl_save
                0x20000a68        0x4 C:/Users/Nplano2/Documents/Projects/MaximSDK/Libraries/PeriphDrivers/bin/MAX32655/softfp/libPeriphDriver_softfp.a(mxc_delay.o)
 .bss.endtick   0x20000a6c        0x4 C:/Users/Nplano2/Documents/Projects/MaximSDK/Libraries/PeriphDrivers/bin/MAX32655/softfp/libPeriphDriver_softfp.a(mxc_delay.o)
 .bss.async     0x20000a70        0x1 C:/Users/Nplano2/Documents/Projects/MaximSDK/Libraries/PeriphDrivers/bin/MAX32655/softfp/libPeriphDriver_softfp.a(spi_reva.o)
                0x20000a70                async
 *fill*         0x20000a71        0x3 
 .bss.states    0x20000a74       0x50 C:/Users/Nplano2/Documents/Projects/MaximSDK/Libraries/PeriphDrivers/bin/MAX32655/softfp/libPeriphDriver_softfp.a(spi_reva.o)
 .bss.callback  0x20000ac4      0x200 C:/Users/Nplano2/Documents/Projects/MaximSDK/Libraries/PeriphDrivers/bin/MAX32655/softfp/libPeriphDriver_softfp.a(gpio_common.o)
 .bss.cbparam   0x20000cc4      0x200 C:/Users/Nplano2/Documents/Projects/MaximSDK/Libraries/PeriphDrivers/bin/MAX32655/softfp/libPeriphDriver_softfp.a(gpio_common.o)
 .bss.initialized
                0x20000ec4        0x1 C:/Users/Nplano2/Documents/Projects/MaximSDK/Libraries/PeriphDrivers/bin/MAX32655/softfp/libPeriphDriver_softfp.a(gpio_common.o)
 *fill*         0x20000ec5        0x3 
 .bss.__malloc_current_mallinfo
                0x20000ec8       0x28 c:/users/nplano2/documents/projects/maximsdk/tools/gnutools/10.3/bin/../lib/gcc/arm-none-eabi/10.3.1/../../../../arm-none-eabi/lib/thumb/v7e-m+fp/softfp\libc.a(lib_a-mallocr.o)
                0x20000ec8                __malloc_current_mallinfo
 .bss.__malloc_max_sbrked_mem
                0x20000ef0        0x4 c:/users/nplano2/documents/projects/maximsdk/tools/gnutools/10.3/bin/../lib/gcc/arm-none-eabi/10.3.1/../../../../arm-none-eabi/lib/thumb/v7e-m+fp/softfp\libc.a(lib_a-mallocr.o)
                0x20000ef0                __malloc_max_sbrked_mem
 .bss.__malloc_max_total_mem
                0x20000ef4        0x4 c:/users/nplano2/documents/projects/maximsdk/tools/gnutools/10.3/bin/../lib/gcc/arm-none-eabi/10.3.1/../../../../arm-none-eabi/lib/thumb/v7e-m+fp/softfp\libc.a(lib_a-mallocr.o)
                0x20000ef4                __malloc_max_total_mem
 .bss.__malloc_top_pad
                0x20000ef8        0x4 c:/users/nplano2/documents/projects/maximsdk/tools/gnutools/10.3/bin/../lib/gcc/arm-none-eabi/10.3.1/../../../../arm-none-eabi/lib/thumb/v7e-m+fp/softfp\libc.a(lib_a-mallocr.o)
                0x20000ef8                __malloc_top_pad
 .bss.__lock___atexit_recursive_mutex